 myaddon

 Timestamp is 5af6d2e5 (Sat May 12 14:41:25 2018)

 Preferred load address is 0000000180000000

 Start         Length     Name                   Class
 0001:00000000 0000b7e0H .text$mn                CODE
 0001:0000b7e0 00000020H .text$mn$00             CODE
 0001:0000b800 00000260H .text$x                 CODE
 0002:00000000 00000250H .idata$5                DATA
 0002:00000250 00000010H .00cfg                  DATA
 0002:00000260 00000008H .CRT$XCA                DATA
 0002:00000268 00000008H .CRT$XCU                DATA
 0002:00000270 00000008H .CRT$XCZ                DATA
 0002:00000278 00000008H .CRT$XIA                DATA
 0002:00000280 00000018H .CRT$XIC                DATA
 0002:00000298 00000008H .CRT$XIZ                DATA
 0002:000002a0 00000008H .CRT$XPA                DATA
 0002:000002a8 00000010H .CRT$XPX                DATA
 0002:000002b8 00000008H .CRT$XPXA               DATA
 0002:000002c0 00000008H .CRT$XPZ                DATA
 0002:000002c8 00000008H .CRT$XTA                DATA
 0002:000002d0 00000010H .CRT$XTZ                DATA
 0002:000002e0 000071d8H .rdata                  DATA
 0002:000074b8 000001f4H .rdata$r                DATA
 0002:000076ac 000003d4H .rdata$zzzdbg           DATA
 0002:00007a80 00000008H .rtc$IAA                DATA
 0002:00007a88 00000008H .rtc$IZZ                DATA
 0002:00007a90 00000008H .rtc$TAA                DATA
 0002:00007a98 00000008H .rtc$TZZ                DATA
 0002:00007aa0 00000b28H .xdata                  DATA
 0002:000085c8 000000ecH .xdata$x                DATA
 0002:000086b4 00000020H .didat$2                DATA
 0002:000086d4 00000024H .didat$3                DATA
 0002:000086f8 00000110H .didat$4                DATA
 0002:00008808 000008a0H .didat$6                DATA
 0002:000090a8 00000118H .didat$7                DATA
 0002:000091c0 00000054H .edata                  DATA
 0002:00009214 00000014H .idata$2                DATA
 0002:00009228 00000018H .idata$3                DATA
 0002:00009240 00000250H .idata$4                DATA
 0002:00009490 00000556H .idata$6                DATA
 0003:00000000 00000920H .data                   DATA
 0003:00000920 000000a0H .data$r                 DATA
 0003:000009c0 00000110H .didat$5                DATA
 0003:00000ad0 000011e0H .bss                    DATA
 0004:00000000 00000e64H .pdata                  DATA
 0005:00000000 00000080H .gfids$x                DATA
 0005:00000080 00000030H .gfids$y                DATA
 0006:00000000 00000060H .rsrc$01                DATA
 0006:00000060 00000180H .rsrc$02                DATA

  Address         Publics by Value              Rva+Base               Lib:Object

 0000:00000000       __guard_iat_count          0000000000000000     <absolute>
 0000:00000000       __dynamic_value_reloc_table 0000000000000000     <absolute>
 0000:00000000       __guard_iat_table          0000000000000000     <absolute>
 0000:00000000       __guard_longjmp_table      0000000000000000     <absolute>
 0000:00000000       __guard_longjmp_count      0000000000000000     <absolute>
 0000:00000000       __guard_fids_count         0000000000000000     <absolute>
 0000:00000000       ___safe_se_handler_table   0000000000000000     <absolute>
 0000:00000000       ___safe_se_handler_count   0000000000000000     <absolute>
 0000:00000000       __guard_fids_table         0000000000000000     <absolute>
 0000:00000100       __guard_flags              0000000000000100     <absolute>
 0000:00000000       __ImageBase                0000000180000000     <linker-defined>
 0001:000000d0       ?New@?$Factory@VFunctionTemplate@v8@@@imp@Nan@@SA?AV?$Local@VFunctionTemplate@v8@@@v8@@P6AXAEBV?$FunctionCallbackInfo@VValue@v8@@@3@@ZV?$Local@VValue@v8@@@5@V?$Local@VSignature@v8@@@5@@Z 00000001800010d0 f i myaddon.obj
 0001:00000250       ?ThrowError@Nan@@YAXV?$Local@VString@v8@@@v8@@@Z 0000000180001250 f i myaddon.obj
 0001:000002b0       ?Call@Callback@Nan@@QEBA?AV?$Local@VValue@v8@@@v8@@HQEAV34@@Z 00000001800012b0 f i myaddon.obj
 0001:000003b0       ?Call@Callback@Nan@@QEBA?AV?$MaybeLocal@VValue@v8@@@v8@@HQEAV?$Local@VValue@v8@@@4@PEAVAsyncResource@2@@Z 00000001800013b0 f i myaddon.obj
 0001:000004b0       ??0AsyncWorker@Nan@@QEAA@PEAVCallback@1@PEBD@Z 00000001800014b0 f i myaddon.obj
 0001:00000580       ??1AsyncWorker@Nan@@UEAA@XZ 0000000180001580 f i myaddon.obj
 0001:00000640       ?WorkComplete@AsyncWorker@Nan@@UEAAXXZ 0000000180001640 f i myaddon.obj
 0001:000006d0       ?Destroy@AsyncWorker@Nan@@UEAAXXZ 00000001800016d0 f i myaddon.obj
 0001:000006f0       ?HandleOKCallback@AsyncWorker@Nan@@MEAAXXZ 00000001800016f0 f i myaddon.obj
 0001:00000740       ?HandleErrorCallback@AsyncWorker@Nan@@MEAAXXZ 0000000180001740 f i myaddon.obj
 0001:000008b0       ??_GAsyncWorker@Nan@@UEAAPEAXI@Z 00000001800018b0 f i myaddon.obj
 0001:000008b0       ??_EAsyncWorker@Nan@@UEAAPEAXI@Z 00000001800018b0 f i * CIL library *:* CIL module *
 0001:000008f0       ?AsyncExecute@Nan@@YAXPEAUuv_work_s@@@Z 00000001800018f0 f i myaddon.obj
 0001:00000930       ?AsyncExecuteComplete@Nan@@YAXPEAUuv_work_s@@@Z 0000000180001930 f i myaddon.obj
 0001:00000970       ?Execute@MyWorker@@UEAAXXZ 0000000180001970 f i myaddon.obj
 0001:00000980       ?HandleOKCallback@MyWorker@@UEAAXXZ 0000000180001980 f i myaddon.obj
 0001:000009c0       ??_GMyWorker@@UEAAPEAXI@Z  00000001800019c0 f i myaddon.obj
 0001:000009c0       ??_EMyWorker@@UEAAPEAXI@Z  00000001800019c0 f i * CIL library *:* CIL module *
 0001:00000a00       ?Delay@@YAXAEBV?$FunctionCallbackInfo@VValue@v8@@@Nan@@@Z 0000000180001a00 f   myaddon.obj
 0001:00000c20       ?Init@@YAXV?$Local@VObject@v8@@@v8@@@Z 0000000180001c20 f   myaddon.obj
 0001:00000dac       __imp_load_uv_queue_work   0000000180001dac f   node:node.exe
 0001:00000db8       __tailMerge_node_exe       0000000180001db8 f i node:node.exe
 0001:00000e31       __imp_load_?Global@Context@v8@@QEAA?AV?$Local@VObject@v8@@@2@XZ 0000000180001e31 f   node:node.exe
 0001:00000e3d       __imp_load_?Value@External@v8@@QEBAPEAXXZ 0000000180001e3d f   node:node.exe
 0001:00000e49       __imp_load_?New@External@v8@@SA?AV?$Local@VExternal@v8@@@2@PEAVIsolate@2@PEAX@Z 0000000180001e49 f   node:node.exe
 0001:00000e55       __imp_load_?ThrowException@Isolate@v8@@QEAA?AV?$Local@VValue@v8@@@2@V32@@Z 0000000180001e55 f   node:node.exe
 0001:00000e61       __imp_load_?GetCurrentContext@Isolate@v8@@QEAA?AV?$Local@VContext@v8@@@2@XZ 0000000180001e61 f   node:node.exe
 0001:00000e6d       __imp_load_?GetCurrent@Isolate@v8@@SAPEAV12@XZ 0000000180001e6d f   node:node.exe
 0001:00000e79       __imp_load_?CreateHandle@HandleScope@v8@@KAPEAPEAVObject@internal@2@PEAVIsolate@42@PEAV342@@Z 0000000180001e79 f   node:node.exe
 0001:00000e85       __imp_load_?CreateHandle@HandleScope@v8@@CAPEAPEAVObject@internal@2@PEAVHeapObject@42@PEAV342@@Z 0000000180001e85 f   node:node.exe
 0001:00000e91       __imp_load_??1HandleScope@v8@@QEAA@XZ 0000000180001e91 f   node:node.exe
 0001:00000e9d       __imp_load_??0HandleScope@v8@@QEAA@PEAVIsolate@1@@Z 0000000180001e9d f   node:node.exe
 0001:00000ea9       __imp_load_?Error@Exception@v8@@SA?AV?$Local@VValue@v8@@@2@V?$Local@VString@v8@@@2@@Z 0000000180001ea9 f   node:node.exe
 0001:00000eb5       __imp_load_?GetFunction@FunctionTemplate@v8@@QEAA?AV?$MaybeLocal@VFunction@v8@@@2@V?$Local@VContext@v8@@@2@@Z 0000000180001eb5 f   node:node.exe
 0001:00000ec1       __imp_load_?New@FunctionTemplate@v8@@SA?AV?$Local@VFunctionTemplate@v8@@@2@PEAVIsolate@2@P6AXAEBV?$FunctionCallbackInfo@VValue@v8@@@2@@ZV?$Local@VValue@v8@@@2@V?$Local@VSignature@v8@@@2@HW4ConstructorBehavior@2@@Z 0000000180001ec1 f   node:node.exe
 0001:00000ecd       __imp_load_?ToLocalEmpty@V8@v8@@CAXXZ 0000000180001ecd f   node:node.exe
 0001:00000ed9       __imp_load_?DisposeGlobal@V8@v8@@CAXPEAPEAVObject@internal@2@@Z 0000000180001ed9 f   node:node.exe
 0001:00000ee5       __imp_load_?GlobalizeReference@V8@v8@@CAPEAPEAVObject@internal@2@PEAVIsolate@42@PEAPEAV342@@Z 0000000180001ee5 f   node:node.exe
 0001:00000ef1       __imp_load_?NumberValue@Value@v8@@QEBANXZ 0000000180001ef1 f   node:node.exe
 0001:00000efd       __imp_load_?IsNumber@Value@v8@@QEBA_NXZ 0000000180001efd f   node:node.exe
 0001:00000f09       __imp_load_?IsFunction@Value@v8@@QEBA_NXZ 0000000180001f09 f   node:node.exe
 0001:00000f15       __imp_load_?Escape@EscapableHandleScope@v8@@AEAAPEAPEAVObject@internal@2@PEAPEAV342@@Z 0000000180001f15 f   node:node.exe
 0001:00000f21       __imp_load_??0EscapableHandleScope@v8@@QEAA@PEAVIsolate@1@@Z 0000000180001f21 f   node:node.exe
 0001:00000f2d       __imp_load_?NewFromUtf8@String@v8@@SA?AV?$MaybeLocal@VString@v8@@@2@PEAVIsolate@2@PEBDW4NewStringType@2@H@Z 0000000180001f2d f   node:node.exe
 0001:00000f39       __imp_load_?SlowGetInternalField@Object@v8@@AEAA?AV?$Local@VValue@v8@@@2@H@Z 0000000180001f39 f   node:node.exe
 0001:00000f45       __imp_load_?New@Object@v8@@SA?AV?$Local@VObject@v8@@@2@PEAVIsolate@2@@Z 0000000180001f45 f   node:node.exe
 0001:00000f51       __imp_load_?SetInternalField@Object@v8@@QEAAXHV?$Local@VValue@v8@@@2@@Z 0000000180001f51 f   node:node.exe
 0001:00000f5d       __imp_load_?Set@Object@v8@@QEAA?AV?$Maybe@_N@2@V?$Local@VContext@v8@@@2@V?$Local@VValue@v8@@@2@1@Z 0000000180001f5d f   node:node.exe
 0001:00000f69       __imp_load_?SetInternalFieldCount@ObjectTemplate@v8@@QEAAXH@Z 0000000180001f69 f   node:node.exe
 0001:00000f75       __imp_load_?NewInstance@ObjectTemplate@v8@@QEAA?AV?$MaybeLocal@VObject@v8@@@2@V?$Local@VContext@v8@@@2@@Z 0000000180001f75 f   node:node.exe
 0001:00000f81       __imp_load_?New@ObjectTemplate@v8@@SA?AV?$Local@VObjectTemplate@v8@@@2@PEAVIsolate@2@V?$Local@VFunctionTemplate@v8@@@2@@Z 0000000180001f81 f   node:node.exe
 0001:00000f8d       __imp_load_node_module_register 0000000180001f8d f   node:node.exe
 0001:00000f99       __imp_load_?MakeCallback@node@@YA?AV?$Local@VValue@v8@@@v8@@PEAVIsolate@3@V?$Local@VObject@v8@@@3@V?$Local@VFunction@v8@@@3@HPEAV23@@Z 0000000180001f99 f   node:node.exe
 0001:00000fa5       __imp_load_uv_default_loop 0000000180001fa5 f   node:node.exe
 0001:00000fd0       __security_check_cookie    0000000180001fd0 f   LIBCMT:_amdsecgs_.obj
 0001:00000ff4       ??2@YAPEAX_K@Z             0000000180001ff4 f   LIBCMT:new_scalar.obj
 0001:00001030       ??3@YAXPEAX_K@Z            0000000180002030 f   LIBCMT:delete_scalar_size.obj
 0001:00001030       ??_V@YAXPEAX@Z             0000000180002030 f   LIBCMT:delete_array.obj
 0001:00001384       _DllMainCRTStartup         0000000180002384 f   LIBCMT:dll_dllmain.obj
 0001:000013c4       __raise_securityfailure    00000001800023c4 f   LIBCMT:gs_report.obj
 0001:000013f8       __report_gsfailure         00000001800023f8 f   LIBCMT:gs_report.obj
 0001:000014cc       __report_rangecheckfailure 00000001800024cc f   LIBCMT:gs_report.obj
 0001:000014e0       __report_securityfailure   00000001800024e0 f   LIBCMT:gs_report.obj
 0001:00001660       ??3@YAXPEAX@Z              0000000180002660 f   LIBCMT:delete_scalar.obj
 0001:00001668       ??0bad_alloc@std@@QEAA@AEBV01@@Z 0000000180002668 f i LIBCMT:throw_bad_alloc.obj
 0001:000016a8       ??0bad_alloc@std@@QEAA@XZ  00000001800026a8 f i LIBCMT:throw_bad_alloc.obj
 0001:000016c8       ??0bad_array_new_length@std@@QEAA@AEBV01@@Z 00000001800026c8 f i LIBCMT:throw_bad_alloc.obj
 0001:00001708       ??0bad_array_new_length@std@@QEAA@XZ 0000000180002708 f i LIBCMT:throw_bad_alloc.obj
 0001:00001728       ??0exception@std@@QEAA@AEBV01@@Z 0000000180002728 f i LIBCMT:throw_bad_alloc.obj
 0001:00001760       ??1bad_array_new_length@std@@UEAA@XZ 0000000180002760 f i LIBCMT:throw_bad_alloc.obj
 0001:00001760       ??1bad_alloc@std@@UEAA@XZ  0000000180002760 f i LIBCMT:throw_bad_alloc.obj
 0001:00001774       ??_Ebad_alloc@std@@UEAAPEAXI@Z 0000000180002774 f i LIBCMT:throw_bad_alloc.obj
 0001:00001774       ??_Gbad_alloc@std@@UEAAPEAXI@Z 0000000180002774 f i LIBCMT:throw_bad_alloc.obj
 0001:00001774       ??_Gexception@std@@UEAAPEAXI@Z 0000000180002774 f i LIBCMT:throw_bad_alloc.obj
 0001:00001774       ??_Gbad_array_new_length@std@@UEAAPEAXI@Z 0000000180002774 f i LIBCMT:throw_bad_alloc.obj
 0001:00001774       ??_Ebad_array_new_length@std@@UEAAPEAXI@Z 0000000180002774 f i LIBCMT:throw_bad_alloc.obj
 0001:00001774       ??_Eexception@std@@UEAAPEAXI@Z 0000000180002774 f i LIBCMT:throw_bad_alloc.obj
 0001:000017b8       ?__scrt_throw_std_bad_alloc@@YAXXZ 00000001800027b8 f   LIBCMT:throw_bad_alloc.obj
 0001:000017d8       ?__scrt_throw_std_bad_array_new_length@@YAXXZ 00000001800027d8 f   LIBCMT:throw_bad_alloc.obj
 0001:000017f8       ?what@exception@std@@UEBAPEBDXZ 00000001800027f8 f i LIBCMT:throw_bad_alloc.obj
 0001:0000180c       __scrt_acquire_startup_lock 000000018000280c f   LIBCMT:utility.obj
 0001:00001848       __scrt_dllmain_after_initialize_c 0000000180002848 f   LIBCMT:utility.obj
 0001:0000187c       __scrt_dllmain_before_initialize_c 000000018000287c f   LIBCMT:utility.obj
 0001:00001894       __scrt_dllmain_crt_thread_attach 0000000180002894 f   LIBCMT:utility.obj
 0001:000018bc       __scrt_dllmain_crt_thread_detach 00000001800028bc f   LIBCMT:utility.obj
 0001:000018d4       __scrt_dllmain_exception_filter 00000001800028d4 f   LIBCMT:utility.obj
 0001:00001938       __scrt_dllmain_uninitialize_c 0000000180002938 f   LIBCMT:utility.obj
 0001:00001968       __scrt_dllmain_uninitialize_critical 0000000180002968 f   LIBCMT:utility.obj
 0001:0000197c       __scrt_initialize_crt      000000018000297c f   LIBCMT:utility.obj
 0001:000019c8       __scrt_initialize_onexit_tables 00000001800029c8 f   LIBCMT:utility.obj
 0001:00001a94       __scrt_is_nonwritable_in_current_image 0000000180002a94 f   LIBCMT:utility.obj
 0001:00001b30       __scrt_release_startup_lock 0000000180002b30 f   LIBCMT:utility.obj
 0001:00001b54       __scrt_uninitialize_crt    0000000180002b54 f   LIBCMT:utility.obj
 0001:00001b80       _onexit                    0000000180002b80 f   LIBCMT:utility.obj
 0001:00001bd0       atexit                     0000000180002bd0 f   LIBCMT:utility.obj
 0001:00001be8       __security_init_cookie     0000000180002be8 f   LIBCMT:gs_support.obj
 0001:00001c94       ?__scrt_initialize_type_info@@YAXXZ 0000000180002c94 f   LIBCMT:tncleanup.obj
 0001:00001ca4       ?__scrt_uninitialize_type_info@@YAXXZ 0000000180002ca4 f   LIBCMT:tncleanup.obj
 0001:00001cb0       __local_stdio_printf_options 0000000180002cb0 f i LIBCMT:default_local_stdio_options.obj
 0001:00001cb8       __local_stdio_scanf_options 0000000180002cb8 f i LIBCMT:default_local_stdio_options.obj
 0001:00001cc0       __scrt_initialize_default_local_stdio_options 0000000180002cc0 f   LIBCMT:default_local_stdio_options.obj
 0001:00001cdc       __scrt_get_dyn_tls_init_callback 0000000180002cdc f   LIBCMT:dyn_tls_init.obj
 0001:00001ce4       __crt_debugger_hook        0000000180002ce4 f   LIBCMT:utility_desktop.obj
 0001:00001cec       __scrt_fastfail            0000000180002cec f   LIBCMT:utility_desktop.obj
 0001:00001e34       _RTC_Initialize            0000000180002e34 f   LIBCMT:_initsect_.obj
 0001:00001e80       _RTC_Terminate             0000000180002e80 f   LIBCMT:_initsect_.obj
 0001:00001ecc       _guard_check_icall         0000000180002ecc f i LIBCMT:checkcfg.obj
 0001:00001ed4       ??_Gtype_info@@UEAAPEAXI@Z 0000000180002ed4 f i LIBCMT:std_type_info_static.obj
 0001:00001ed4       ??_Etype_info@@UEAAPEAXI@Z 0000000180002ed4 f i LIBCMT:std_type_info_static.obj
 0001:00001f00       __isa_available_init       0000000180002f00 f   LIBCMT:_cpu_disp_.obj
 0001:000020c8       _get_startup_argv_mode     00000001800030c8 f   LIBCMT:argv_mode.obj
 0001:000020c8       DllMain                    00000001800030c8 f   LIBCMT:dll_dllmain_stub.obj
 0001:000020d0       __scrt_is_ucrt_dll_in_use  00000001800030d0 f   LIBCMT:ucrt_detection.obj
 0001:000020e0       _purecall                  00000001800030e0 f   libvcruntime:purevirt.obj
 0001:0000211c       __C_specific_handler       000000018000311c f   libvcruntime:_chandler_.obj
 0001:00002318       __std_exception_copy       0000000180003318 f   libvcruntime:std_exception.obj
 0001:000023a8       __std_exception_destroy    00000001800033a8 f   libvcruntime:std_exception.obj
 0001:000023d0       _CxxThrowException         00000001800033d0 f   libvcruntime:throw.obj
 0001:000024a8       __vcrt_initialize          00000001800034a8 f   libvcruntime:initialization.obj
 0001:000024dc       __vcrt_thread_attach       00000001800034dc f   libvcruntime:initialization.obj
 0001:000024f0       __vcrt_thread_detach       00000001800034f0 f   libvcruntime:initialization.obj
 0001:00002504       __vcrt_uninitialize        0000000180003504 f   libvcruntime:initialization.obj
 0001:00002524       __vcrt_uninitialize_critical 0000000180003524 f   libvcruntime:initialization.obj
 0001:00002534       __std_type_info_destroy_list 0000000180003534 f   libvcruntime:std_type_info.obj
 0001:00002570       memset                     0000000180003570 f   libvcruntime:memset.obj
 0001:00002710       __vcrt_initialize_pure_virtual_call_handler 0000000180003710 f   libvcruntime:purevirt_data.obj
 0001:00002750       _local_unwind              0000000180003750 f   libvcruntime:_jmpuwind_.obj
 0001:00002780       _NLG_Notify                0000000180003780 f   libvcruntime:_jmpuwind_.obj
 0001:000027a0       __NLG_Dispatch2            00000001800037a0 f   libvcruntime:_jmpuwind_.obj
 0001:000027b0       __NLG_Return2              00000001800037b0 f   libvcruntime:_jmpuwind_.obj
 0001:000027b4       __except_validate_context_record 00000001800037b4 f   libvcruntime:jbcxrval.obj
 0001:000027b4       _guard_check_icall_nop     00000001800037b4 f   LIBCMT:guard_support.obj
 0001:000027b8       __vcrt_freefls             00000001800037b8 f   libvcruntime:per_thread_data.obj
 0001:000027d8       __vcrt_freeptd             00000001800037d8 f   libvcruntime:per_thread_data.obj
 0001:00002828       __vcrt_getptd_noexit       0000000180003828 f   libvcruntime:per_thread_data.obj
 0001:000028e0       __vcrt_initialize_ptd      00000001800038e0 f   libvcruntime:per_thread_data.obj
 0001:00002920       __vcrt_uninitialize_ptd    0000000180003920 f   libvcruntime:per_thread_data.obj
 0001:00002944       __vcrt_initialize_locks    0000000180003944 f   libvcruntime:locks.obj
 0001:0000298c       __vcrt_uninitialize_locks  000000018000398c f   libvcruntime:locks.obj
 0001:00002b8c       __vcrt_FlsAlloc            0000000180003b8c f   libvcruntime:winapi_downlevel.obj
 0001:00002be0       __vcrt_FlsFree             0000000180003be0 f   libvcruntime:winapi_downlevel.obj
 0001:00002c34       __vcrt_FlsGetValue         0000000180003c34 f   libvcruntime:winapi_downlevel.obj
 0001:00002c88       __vcrt_FlsSetValue         0000000180003c88 f   libvcruntime:winapi_downlevel.obj
 0001:00002cf0       __vcrt_InitializeCriticalSectionEx 0000000180003cf0 f   libvcruntime:winapi_downlevel.obj
 0001:00002d68       __vcrt_initialize_winapi_thunks 0000000180003d68 f   libvcruntime:winapi_downlevel.obj
 0001:00002db4       __vcrt_uninitialize_winapi_thunks 0000000180003db4 f   libvcruntime:winapi_downlevel.obj
 0001:00002df4       ??0_LocaleUpdate@@QEAA@QEAU__crt_locale_pointers@@@Z 0000000180003df4 f i libucrt:stricmp.obj
 0001:00002e84       __ascii_stricmp            0000000180003e84 f   libucrt:stricmp.obj
 0001:00002ec0       _stricmp                   0000000180003ec0 f   libucrt:stricmp.obj
 0001:00002f08       _stricmp_l                 0000000180003f08 f   libucrt:stricmp.obj
 0001:00002fbc       __acrt_initialize_new_handler 0000000180003fbc f   libucrt:new_handler.obj
 0001:00002fc4       _callnewh                  0000000180003fc4 f   libucrt:new_handler.obj
 0001:00003004       _query_new_handler         0000000180004004 f   libucrt:new_handler.obj
 0001:00003038       malloc                     0000000180004038 f   libucrt:malloc.obj
 0001:00003040       _initterm                  0000000180004040 f   libucrt:initterm.obj
 0001:000030b8       _initterm_e                00000001800040b8 f   libucrt:initterm.obj
 0001:00003104       free                       0000000180004104 f   libucrt:free.obj
 0001:0000310c       _seh_filter_dll            000000018000410c f   libucrt:exception_filter.obj
 0001:00003120       _seh_filter_exe            0000000180004120 f   libucrt:exception_filter.obj
 0001:000034e0       __acrt_initialize_thread_local_exit_callback 00000001800044e0 f   libucrt:exit.obj
 0001:000034e8       _cexit                     00000001800044e8 f   libucrt:exit.obj
 0001:000034f8       _exit                      00000001800044f8 f   libucrt:exit.obj
 0001:00003504       _is_c_termination_complete 0000000180004504 f   libucrt:exit.obj
 0001:000036c8       __acrt_allocate_buffer_for_argv 00000001800046c8 f   libucrt:argv_parsing.obj
 0001:0000372c       _configure_narrow_argv     000000018000472c f   libucrt:argv_parsing.obj
 0001:00003a88       __dcrt_uninitialize_environments_nolock 0000000180004a88 f   libucrt:environment_initialization.obj
 0001:00003ac0       _initialize_narrow_environment 0000000180004ac0 f   libucrt:environment_initialization.obj
 0001:00003ac8       ??$?RV<lambda_b8c45f8f788dd370798f47cfe8ac3a86>@@AEAV<lambda_4e60a939b0d047cfe11ddc22648dfba9>@@V<lambda_332c3edc96d0294ec56c57d38c1cdfd5>@@@?$__crt_seh_guarded_call@H@@QEAAH$$QEAV<lambda_b8c45f8f788dd370798f47cfe8ac3a86>@@AEAV<lambda_4e60a939b0d047cfe11ddc22648dfba9>@@$$QEAV<lambda_332c3edc96d0294ec56c57d38c1cdfd5>@@@Z 0000000180004ac8 f i libucrt:onexit.obj
 0001:00003b04       ??$?RV<lambda_e24bbb7b643b32fcea6fa61b31d4c984>@@AEAV<lambda_275893d493268fdec8709772e3fcec0e>@@V<lambda_9d71df4d7cf3f480f8d633942495c3b0>@@@?$__crt_seh_guarded_call@H@@QEAAH$$QEAV<lambda_e24bbb7b643b32fcea6fa61b31d4c984>@@AEAV<lambda_275893d493268fdec8709772e3fcec0e>@@$$QEAV<lambda_9d71df4d7cf3f480f8d633942495c3b0>@@@Z 0000000180004b04 f i libucrt:onexit.obj
 0001:00003e80       _crt_atexit                0000000180004e80 f   libucrt:onexit.obj
 0001:00003e90       _execute_onexit_table      0000000180004e90 f   libucrt:onexit.obj
 0001:00003ecc       _initialize_onexit_table   0000000180004ecc f   libucrt:onexit.obj
 0001:00003f0c       _register_onexit_function  0000000180004f0c f   libucrt:onexit.obj
 0001:00003f9c       __acrt_uninitialize_command_line 0000000180004f9c f   libucrt:argv_data.obj
 0001:0000408c       __acrt_initialize          000000018000508c f   libucrt:initialization.obj
 0001:000040a0       __acrt_thread_attach       00000001800050a0 f   libucrt:initialization.obj
 0001:000040b4       __acrt_thread_detach       00000001800050b4 f   libucrt:initialization.obj
 0001:000040c4       __acrt_uninitialize        00000001800050c4 f   libucrt:initialization.obj
 0001:000040d8       __acrt_uninitialize_critical 00000001800050d8 f   libucrt:initialization.obj
 0001:000040e8       terminate                  00000001800050e8 f   libucrt:terminate.obj
 0001:00004110       abort                      0000000180005110 f   libucrt:abort.obj
 0001:00004168       strcpy_s                   0000000180005168 f   libucrt:strcpy_s.obj
 0001:000041c8       _free_base                 00000001800051c8 f   libucrt:free_base.obj
 0001:00004208       _malloc_base               0000000180005208 f   libucrt:malloc_base.obj
 0001:00004268       _calloc_base               0000000180005268 f   libucrt:calloc_base.obj
 0001:000042e0       __acrt_call_reportfault    00000001800052e0 f   libucrt:invalid_parameter.obj
 0001:0000443c       __acrt_initialize_invalid_parameter_handler 000000018000543c f   libucrt:invalid_parameter.obj
 0001:00004444       _invalid_parameter         0000000180005444 f   libucrt:invalid_parameter.obj
 0001:000044ec       _invalid_parameter_noinfo  00000001800054ec f   libucrt:invalid_parameter.obj
 0001:0000450c       _invoke_watson             000000018000550c f   libucrt:invalid_parameter.obj
 0001:00004554       __acrt_errno_from_os_error 0000000180005554 f   libucrt:errno.obj
 0001:0000459c       __acrt_errno_map_os_error  000000018000559c f   libucrt:errno.obj
 0001:000045ec       __doserrno                 00000001800055ec f   libucrt:errno.obj
 0001:0000460c       _errno                     000000018000560c f   libucrt:errno.obj
 0001:0000467c       _tolower_l                 000000018000567c f   libucrt:tolower_toupper.obj
 0001:000047bc       ??$?RV<lambda_46352004c1216016012b18bd6f87e700>@@AEAV<lambda_3bd07e1a1191394380780325891bf33f>@@V<lambda_334532d3f185bcaa59b5be82d7d22bff>@@@?$__crt_seh_guarded_call@X@@QEAAX$$QEAV<lambda_46352004c1216016012b18bd6f87e700>@@AEAV<lambda_3bd07e1a1191394380780325891bf33f>@@$$QEAV<lambda_334532d3f185bcaa59b5be82d7d22bff>@@@Z 00000001800057bc f i libucrt:per_thread_data.obj
 0001:0000481c       ??$?RV<lambda_5e887d1dcbef67a5eb4283622ba103bf>@@AEAV<lambda_4466841279450cc726390878d4a41900>@@V<lambda_341c25c0346d94847f1f3c463c57e077>@@@?$__crt_seh_guarded_call@X@@QEAAX$$QEAV<lambda_5e887d1dcbef67a5eb4283622ba103bf>@@AEAV<lambda_4466841279450cc726390878d4a41900>@@$$QEAV<lambda_341c25c0346d94847f1f3c463c57e077>@@@Z 000000018000581c f i libucrt:per_thread_data.obj
 0001:00004864       ??$?RV<lambda_72d1df2b273a38828b1ce30cbf4cdab5>@@AEAV<lambda_876a65b173b8412d3a47c70a915b0cf4>@@V<lambda_41932305e351933ebe8f8be3ed8bb5dc>@@@?$__crt_seh_guarded_call@X@@QEAAX$$QEAV<lambda_72d1df2b273a38828b1ce30cbf4cdab5>@@AEAV<lambda_876a65b173b8412d3a47c70a915b0cf4>@@$$QEAV<lambda_41932305e351933ebe8f8be3ed8bb5dc>@@@Z 0000000180005864 f i libucrt:per_thread_data.obj
 0001:000048a4       ??$?RV<lambda_fb3a7dec4e47f37f22dae91bb15c9095>@@AEAV<lambda_698284760c8add0bfb0756c19673e34b>@@V<lambda_dfb8eca1e75fef3034a8fb18dd509707>@@@?$__crt_seh_guarded_call@X@@QEAAX$$QEAV<lambda_fb3a7dec4e47f37f22dae91bb15c9095>@@AEAV<lambda_698284760c8add0bfb0756c19673e34b>@@$$QEAV<lambda_dfb8eca1e75fef3034a8fb18dd509707>@@@Z 00000001800058a4 f i libucrt:per_thread_data.obj
 0001:00004b34       __acrt_freeptd             0000000180005b34 f   libucrt:per_thread_data.obj
 0001:00004b78       __acrt_getptd              0000000180005b78 f   libucrt:per_thread_data.obj
 0001:00004c0c       __acrt_getptd_noexit       0000000180005c0c f   libucrt:per_thread_data.obj
 0001:00004cac       __acrt_initialize_ptd      0000000180005cac f   libucrt:per_thread_data.obj
 0001:00004ce8       __acrt_uninitialize_ptd    0000000180005ce8 f   libucrt:per_thread_data.obj
 0001:00004d0c       __acrt_update_locale_info  0000000180005d0c f   libucrt:locale_update.obj
 0001:00004d40       __acrt_update_multibyte_info 0000000180005d40 f   libucrt:locale_update.obj
 0001:00004d74       __acrt_set_locale_changed  0000000180005d74 f   libucrt:wsetlocale.obj
 0001:00004d80       __acrt_uninitialize_locale 0000000180005d80 f   libucrt:wsetlocale.obj
 0001:00004dc8       __acrt_initialize_locks    0000000180005dc8 f   libucrt:locks.obj
 0001:00004e10       __acrt_lock                0000000180005e10 f   libucrt:locks.obj
 0001:00004e2c       __acrt_uninitialize_locks  0000000180005e2c f   libucrt:locks.obj
 0001:00004e64       __acrt_unlock              0000000180005e64 f   libucrt:locks.obj
 0001:00005020       __acrt_FlsAlloc            0000000180006020 f   libucrt:winapi_thunks.obj
 0001:00005078       __acrt_FlsFree             0000000180006078 f   libucrt:winapi_thunks.obj
 0001:000050d0       __acrt_FlsGetValue         00000001800060d0 f   libucrt:winapi_thunks.obj
 0001:00005128       __acrt_FlsSetValue         0000000180006128 f   libucrt:winapi_thunks.obj
 0001:00005190       __acrt_InitializeCriticalSectionEx 0000000180006190 f   libucrt:winapi_thunks.obj
 0001:00005208       __acrt_LCMapStringEx       0000000180006208 f   libucrt:winapi_thunks.obj
 0001:000052f8       __acrt_LocaleNameToLCID    00000001800062f8 f   libucrt:winapi_thunks.obj
 0001:00005360       __acrt_initialize_winapi_thunks 0000000180006360 f   libucrt:winapi_thunks.obj
 0001:00005398       __acrt_is_packaged_app     0000000180006398 f   libucrt:winapi_thunks.obj
 0001:00005420       __acrt_uninitialize_winapi_thunks 0000000180006420 f   libucrt:winapi_thunks.obj
 0001:00005940       ?expand_if_necessary@?$argument_list@D@?A0xca0879c4@@AEAAHXZ 0000000180006940 f i libucrt:argv_wildcards.obj
 0001:00005a08       __acrt_expand_narrow_argv_wildcards 0000000180006a08 f   libucrt:argv_wildcards.obj
 0001:00005a10       ??$?RV<lambda_99476a1ad63dd22509b5d3e65b0ffc95>@@AEAV<lambda_ad1ced32f4ac17aa236e5ef05d6b3b7c>@@V<lambda_f7424dd8d45958661754dc4f2697e9c3>@@@?$__crt_seh_guarded_call@X@@QEAAX$$QEAV<lambda_99476a1ad63dd22509b5d3e65b0ffc95>@@AEAV<lambda_ad1ced32f4ac17aa236e5ef05d6b3b7c>@@$$QEAV<lambda_f7424dd8d45958661754dc4f2697e9c3>@@@Z 0000000180006a10 f i libucrt:mbctype.obj
 0001:0000610c       __acrt_initialize_multibyte 000000018000710c f   libucrt:mbctype.obj
 0001:00006134       __acrt_update_thread_multibyte_data 0000000180007134 f   libucrt:mbctype.obj
 0001:000061f4       _setmbcp_nolock            00000001800071f4 f   libucrt:mbctype.obj
 0001:00006514       _ismbblead                 0000000180007514 f   libucrt:ismbbyte.obj
 0001:00006528       __acrt_initialize_command_line 0000000180007528 f   libucrt:argv_data.obj
 0001:00006550       __dcrt_get_narrow_environment_from_os 0000000180007550 f   libucrt:get_environment_from_os.obj
 0001:00006654       _recalloc                  0000000180007654 f   libucrt:recalloc.obj
 0001:0000665c       _recalloc_base             000000018000765c f   libucrt:recalloc.obj
 0001:000066f4       __acrt_initialize_heap     00000001800076f4 f   libucrt:heap_handle.obj
 0001:00006710       __acrt_uninitialize_heap   0000000180007710 f   libucrt:heap_handle.obj
 0001:00006904       __acrt_initialize_lowio    0000000180007904 f   libucrt:ioinit.obj
 0001:00006940       __acrt_uninitialize_lowio  0000000180007940 f   libucrt:ioinit.obj
 0001:00006980       __acrt_execute_initializers 0000000180007980 f   libucrt:shared_initialization.obj
 0001:00006a14       __acrt_execute_uninitializers 0000000180007a14 f   libucrt:shared_initialization.obj
 0001:00006a64       ??$?RV<lambda_c36588078e9f5dfd39652860aa6b3aaf>@@AEAV<lambda_ec61778202f4f5fc7e7711acc23c3bca>@@V<lambda_dc9d2797ccde5d239b4a0efae8ebd7db>@@@?$__crt_seh_guarded_call@P6AXH@Z@@QEAAP6AXH@Z$$QEAV<lambda_c36588078e9f5dfd39652860aa6b3aaf>@@AEAV<lambda_ec61778202f4f5fc7e7711acc23c3bca>@@$$QEAV<lambda_dc9d2797ccde5d239b4a0efae8ebd7db>@@@Z 0000000180007a64 f i libucrt:signal.obj
 0001:00006aac       __acrt_get_sigabrt_handler 0000000180007aac f   libucrt:signal.obj
 0001:00006adc       __acrt_initialize_signal_handlers 0000000180007adc f   libucrt:signal.obj
 0001:00006afc       raise                      0000000180007afc f   libucrt:signal.obj
 0001:00006d98       __acrt_has_user_matherr    0000000180007d98 f   libucrt:matherr.obj
 0001:00006db8       __acrt_initialize_user_matherr 0000000180007db8 f   libucrt:matherr.obj
 0001:00006dc0       __acrt_invoke_user_matherr 0000000180007dc0 f   libucrt:matherr.obj
 0001:00006e08       _query_new_mode            0000000180007e08 f   libucrt:new_mode.obj
 0001:00006e10       _mbtowc_l                  0000000180007e10 f   libucrt:mbtowc.obj
 0001:00006f58       mbtowc                     0000000180007f58 f   libucrt:mbtowc.obj
 0001:00006f60       _fileno                    0000000180007f60 f   libucrt:fileno.obj
 0001:00006f88       __acrt_initialize_stdio    0000000180007f88 f   libucrt:_file.obj
 0001:000070a8       __acrt_uninitialize_stdio  00000001800080a8 f   libucrt:_file.obj
 0001:00007104       _lock_file                 0000000180008104 f   libucrt:_file.obj
 0001:00007110       _unlock_file               0000000180008110 f   libucrt:_file.obj
 0001:0000711c       __pctype_func              000000018000811c f   libucrt:ctype.obj
 0001:0000714c       _isctype_l                 000000018000814c f   libucrt:isctype.obj
 0001:0000725c       _isleadbyte_l              000000018000825c f i libucrt:_wctype.obj
 0001:000075f8       __acrt_LCMapStringA        00000001800085f8 f   libucrt:lcmapstringa.obj
 0001:00007690       __acrt_add_locale_ref      0000000180008690 f   libucrt:locale_refcounting.obj
 0001:0000771c       __acrt_free_locale         000000018000871c f   libucrt:locale_refcounting.obj
 0001:00007894       __acrt_locale_add_lc_time_reference 0000000180008894 f   libucrt:locale_refcounting.obj
 0001:000078bc       __acrt_locale_free_lc_time_if_unreferenced 00000001800088bc f   libucrt:locale_refcounting.obj
 0001:000078f4       __acrt_locale_release_lc_time_reference 00000001800088f4 f   libucrt:locale_refcounting.obj
 0001:0000791c       __acrt_release_locale_ref  000000018000891c f   libucrt:locale_refcounting.obj
 0001:000079c4       __acrt_update_thread_locale_data 00000001800089c4 f   libucrt:locale_refcounting.obj
 0001:00007a34       _updatetlocinfoEx_nolock   0000000180008a34 f   libucrt:locale_refcounting.obj
 0001:00007a9c       __acrt_locale_free_monetary 0000000180008a9c f   libucrt:initmon.obj
 0001:00007ba8       __acrt_locale_free_numeric 0000000180008ba8 f   libucrt:initnum.obj
 0001:00007c6c       __acrt_locale_free_time    0000000180008c6c f   libucrt:inittime.obj
 0001:00007d74       __acrt_GetStringTypeA      0000000180008d74 f   libucrt:getstringtypea.obj
 0001:00007ff0       __acrt_DownlevelLocaleNameToLCID 0000000180008ff0 f   libucrt:lcidtoname_downlevel.obj
 0001:00008100       qsort                      0000000180009100 f   libucrt:qsort.obj
 0001:00008434       strncpy_s                  0000000180009434 f   libucrt:strncpy_s.obj
 0001:00008508       strpbrk                    0000000180009508 f   libucrt:strpbrk.obj
 0001:000085a8       _mbsdec                    00000001800095a8 f   libucrt:mbsdec.obj
 0001:000085b0       _mbsdec_l                  00000001800095b0 f   libucrt:mbsdec.obj
 0001:00008660       _msize                     0000000180009660 f   libucrt:msize.obj
 0001:0000869c       _realloc_base              000000018000969c f   libucrt:realloc_base.obj
 0001:00008720       __acrt_lowio_create_handle_array 0000000180009720 f   libucrt:osfinfo.obj
 0001:000087b8       __acrt_lowio_destroy_handle_array 00000001800097b8 f   libucrt:osfinfo.obj
 0001:00008808       __acrt_lowio_ensure_fh_exists 0000000180009808 f   libucrt:osfinfo.obj
 0001:000088c0       __acrt_lowio_lock_fh       00000001800098c0 f   libucrt:osfinfo.obj
 0001:000088e4       __acrt_lowio_unlock_fh     00000001800098e4 f   libucrt:osfinfo.obj
 0001:00008908       _free_osfhnd               0000000180009908 f   libucrt:osfinfo.obj
 0001:000089c4       _get_osfhandle             00000001800099c4 f   libucrt:osfinfo.obj
 0001:00008a3c       _isatty                    0000000180009a3c f   libucrt:isatty.obj
 0001:00008a9c       __acrt_stdio_flush_nolock  0000000180009a9c f   libucrt:fflush.obj
 0001:00008b14       _fflush_nolock             0000000180009b14 f   libucrt:fflush.obj
 0001:00008b60       _flushall                  0000000180009b60 f   libucrt:fflush.obj
 0001:00008c50       _fcloseall                 0000000180009c50 f   libucrt:closeall.obj
 0001:00008d04       __acrt_stdio_free_buffer_nolock 0000000180009d04 f   libucrt:_freebuf.obj
 0001:00008d44       __strncnt                  0000000180009d44 f   libucrt:strncnt.obj
 0001:00008d5c       _query_app_type            0000000180009d5c f   libucrt:report_runtime_error.obj
 0001:00008d64       ??$?RV<lambda_b521505b218e5242e90febf6bfebc422>@@AEAV<lambda_6978c1fb23f02e42e1d9e99668cc68aa>@@V<lambda_314360699dd331753a4119843814e9a7>@@@?$__crt_seh_guarded_call@H@@QEAAH$$QEAV<lambda_b521505b218e5242e90febf6bfebc422>@@AEAV<lambda_6978c1fb23f02e42e1d9e99668cc68aa>@@$$QEAV<lambda_314360699dd331753a4119843814e9a7>@@@Z 0000000180009d64 f i libucrt:commit.obj
 0001:00008df0       _commit                    0000000180009df0 f   libucrt:commit.obj
 0001:00009424       _write                     000000018000a424 f   libucrt:write.obj
 0001:00009510       _write_nolock              000000018000a510 f   libucrt:write.obj
 0001:00009800       log10                      000000018000a800 f   libucrt:log10.obj
 0001:00009e48       _lseeki64_nolock           000000018000ae48 f   libucrt:lseek.obj
 0001:00009e50       _fclose_nolock             000000018000ae50 f   libucrt:fclose.obj
 0001:00009ed4       fclose                     000000018000aed4 f   libucrt:fclose.obj
 0001:00009f40       _putwch_nolock             000000018000af40 f   libucrt:putwch.obj
 0001:0000a0c0       _handle_error              000000018000b0c0 f   libucrt:libm_error.obj
 0001:0000a1f0       __acrt_initialize_fma3     000000018000b1f0 f   libucrt:fma3_available.obj
 0001:0000a260       _log10_special             000000018000b260 f   libucrt:log_special.obj
 0001:0000a318       ??$?RV<lambda_bfedae4ebbf01fab1bb6dcc6a9e276e0>@@AEAV<lambda_2fe9b910cf3cbf4a0ab98a02ba45b3ec>@@V<lambda_237c231691f317818eb88cc1d5d642d6>@@@?$__crt_seh_guarded_call@H@@QEAAH$$QEAV<lambda_bfedae4ebbf01fab1bb6dcc6a9e276e0>@@AEAV<lambda_2fe9b910cf3cbf4a0ab98a02ba45b3ec>@@$$QEAV<lambda_237c231691f317818eb88cc1d5d642d6>@@@Z 000000018000b318 f i libucrt:close.obj
 0001:0000a38c       _close                     000000018000b38c f   libucrt:close.obj
 0001:0000a430       _close_nolock              000000018000b430 f   libucrt:close.obj
 0001:0000a4ec       ?__acrt_stdio_free_stream@@YAXV__crt_stdio_stream@@@Z 000000018000b4ec f   libucrt:stream.obj
 0001:0000a530       __dcrt_lowio_initialize_console_output 000000018000b530 f   libucrt:initcon.obj
 0001:0000a56c       __dcrt_terminate_console_output 000000018000b56c f   libucrt:initcon.obj
 0001:0000a5a0       _get_fpsr                  000000018000b5a0 f   libucrt:fpsr.obj
 0001:0000a5b0       _set_fpsr                  000000018000b5b0 f   libucrt:fpsr.obj
 0001:0000a5ba       _fclrf                     000000018000b5ba f   libucrt:fpsr.obj
 0001:0000a5ce       _frnd                      000000018000b5ce f   libucrt:fpsr.obj
 0001:0000a5f0       _raise_exc                 000000018000b5f0 f   libucrt:fpexcept.obj
 0001:0000a618       _raise_exc_ex              000000018000b618 f   libucrt:fpexcept.obj
 0001:0000a920       _set_errno_from_matherr    000000018000b920 f   libucrt:fpexcept.obj
 0001:0000a950       _clrfp                     000000018000b950 f   libucrt:fpctrl.obj
 0001:0000a970       _ctrlfp                    000000018000b970 f   libucrt:fpctrl.obj
 0001:0000a9ec       _set_statfp                000000018000b9ec f   libucrt:fpctrl.obj
 0001:0000aa0c       _statfp                    000000018000ba0c f   libucrt:fpctrl.obj
 0001:0000aa1e       IsProcessorFeaturePresent  000000018000ba1e f   kernel32:KERNEL32.dll
 0001:0000aa24       RtlUnwindEx                000000018000ba24 f   kernel32:KERNEL32.dll
 0001:0000aa2c       ?DloadAcquireSectionWriteAccess@@YAXXZ 000000018000ba2c f i DelayImp:delayhlp.obj
 0001:0000aae8       ?DloadGetSRWLockFunctionPointers@@YAEXZ 000000018000bae8 f i DelayImp:delayhlp.obj
 0001:0000ab84       ?DloadMakePermanentImageCommit@@YAXPEAX_K@Z 000000018000bb84 f i DelayImp:delayhlp.obj
 0001:0000ac1c       ?DloadObtainSection@@YAPEAXPEAK0@Z 000000018000bc1c f i DelayImp:delayhlp.obj
 0001:0000acb4       ?DloadProtectSection@@YAXKPEAK@Z 000000018000bcb4 f i DelayImp:delayhlp.obj
 0001:0000ad44       ?DloadReleaseSectionWriteAccess@@YAXXZ 000000018000bd44 f i DelayImp:delayhlp.obj
 0001:0000ade8       __delayLoadHelper2         000000018000bde8 f   DelayImp:delayhlp.obj
 0001:0000b0f0       _FindPESection             000000018000c0f0 f   LIBCMT:pesect.obj
 0001:0000b140       _IsNonwritableInCurrentImage 000000018000c140 f   LIBCMT:pesect.obj
 0001:0000b190       _ValidateImageBase         000000018000c190 f   LIBCMT:pesect.obj
 0001:0000b1c0       __GSHandlerCheck           000000018000c1c0 f   LIBCMT:_gshandler_.obj
 0001:0000b1e0       __GSHandlerCheckCommon     000000018000c1e0 f   LIBCMT:_gshandler_.obj
 0001:0000b250       _alloca_probe              000000018000c250 f   LIBCMT:_chkstk_.obj
 0001:0000b250       __chkstk                   000000018000c250 f   LIBCMT:_chkstk_.obj
 0001:0000b2c0       memmove                    000000018000c2c0 f   libvcruntime:memcpy.obj
 0001:0000b2c0       memcpy                     000000018000c2c0 f   libvcruntime:memcpy.obj
 0001:0000b710       memcmp                     000000018000c710 f   libvcruntime:memcmp.obj
 0001:0000b7f0       _guard_dispatch_icall_nop  000000018000c7f0 f   LIBCMT:_guard_dispatch_.obj
 0002:00000000       __imp_Sleep                000000018000d000     kernel32:KERNEL32.dll
 0002:00000008       __imp_GetModuleHandleA     000000018000d008     kernel32:KERNEL32.dll
 0002:00000010       __imp_RtlCaptureContext    000000018000d010     kernel32:KERNEL32.dll
 0002:00000018       __imp_RtlLookupFunctionEntry 000000018000d018     kernel32:KERNEL32.dll
 0002:00000020       __imp_RtlVirtualUnwind     000000018000d020     kernel32:KERNEL32.dll
 0002:00000028       __imp_UnhandledExceptionFilter 000000018000d028     kernel32:KERNEL32.dll
 0002:00000030       __imp_SetUnhandledExceptionFilter 000000018000d030     kernel32:KERNEL32.dll
 0002:00000038       __imp_GetCurrentProcess    000000018000d038     kernel32:KERNEL32.dll
 0002:00000040       __imp_TerminateProcess     000000018000d040     kernel32:KERNEL32.dll
 0002:00000048       __imp_IsProcessorFeaturePresent 000000018000d048     kernel32:KERNEL32.dll
 0002:00000050       __imp_QueryPerformanceCounter 000000018000d050     kernel32:KERNEL32.dll
 0002:00000058       __imp_GetCurrentProcessId  000000018000d058     kernel32:KERNEL32.dll
 0002:00000060       __imp_GetCurrentThreadId   000000018000d060     kernel32:KERNEL32.dll
 0002:00000068       __imp_GetSystemTimeAsFileTime 000000018000d068     kernel32:KERNEL32.dll
 0002:00000070       __imp_InitializeSListHead  000000018000d070     kernel32:KERNEL32.dll
 0002:00000078       __imp_IsDebuggerPresent    000000018000d078     kernel32:KERNEL32.dll
 0002:00000080       __imp_GetStartupInfoW      000000018000d080     kernel32:KERNEL32.dll
 0002:00000088       __imp_GetModuleHandleW     000000018000d088     kernel32:KERNEL32.dll
 0002:00000090       __imp_RtlUnwindEx          000000018000d090     kernel32:KERNEL32.dll
 0002:00000098       __imp_RtlPcToFileHeader    000000018000d098     kernel32:KERNEL32.dll
 0002:000000a0       __imp_RaiseException       000000018000d0a0     kernel32:KERNEL32.dll
 0002:000000a8       __imp_InterlockedFlushSList 000000018000d0a8     kernel32:KERNEL32.dll
 0002:000000b0       __imp_GetLastError         000000018000d0b0     kernel32:KERNEL32.dll
 0002:000000b8       __imp_SetLastError         000000018000d0b8     kernel32:KERNEL32.dll
 0002:000000c0       __imp_EnterCriticalSection 000000018000d0c0     kernel32:KERNEL32.dll
 0002:000000c8       __imp_LeaveCriticalSection 000000018000d0c8     kernel32:KERNEL32.dll
 0002:000000d0       __imp_DeleteCriticalSection 000000018000d0d0     kernel32:KERNEL32.dll
 0002:000000d8       __imp_InitializeCriticalSectionAndSpinCount 000000018000d0d8     kernel32:KERNEL32.dll
 0002:000000e0       __imp_TlsAlloc             000000018000d0e0     kernel32:KERNEL32.dll
 0002:000000e8       __imp_TlsGetValue          000000018000d0e8     kernel32:KERNEL32.dll
 0002:000000f0       __imp_TlsSetValue          000000018000d0f0     kernel32:KERNEL32.dll
 0002:000000f8       __imp_TlsFree              000000018000d0f8     kernel32:KERNEL32.dll
 0002:00000100       __imp_FreeLibrary          000000018000d100     kernel32:KERNEL32.dll
 0002:00000108       __imp_GetProcAddress       000000018000d108     kernel32:KERNEL32.dll
 0002:00000110       __imp_LoadLibraryExW       000000018000d110     kernel32:KERNEL32.dll
 0002:00000118       __imp_ExitProcess          000000018000d118     kernel32:KERNEL32.dll
 0002:00000120       __imp_GetModuleHandleExW   000000018000d120     kernel32:KERNEL32.dll
 0002:00000128       __imp_GetModuleFileNameA   000000018000d128     kernel32:KERNEL32.dll
 0002:00000130       __imp_MultiByteToWideChar  000000018000d130     kernel32:KERNEL32.dll
 0002:00000138       __imp_WideCharToMultiByte  000000018000d138     kernel32:KERNEL32.dll
 0002:00000140       __imp_HeapFree             000000018000d140     kernel32:KERNEL32.dll
 0002:00000148       __imp_HeapAlloc            000000018000d148     kernel32:KERNEL32.dll
 0002:00000150       __imp_GetACP               000000018000d150     kernel32:KERNEL32.dll
 0002:00000158       __imp_LCMapStringW         000000018000d158     kernel32:KERNEL32.dll
 0002:00000160       __imp_FindClose            000000018000d160     kernel32:KERNEL32.dll
 0002:00000168       __imp_FindFirstFileExA     000000018000d168     kernel32:KERNEL32.dll
 0002:00000170       __imp_FindNextFileA        000000018000d170     kernel32:KERNEL32.dll
 0002:00000178       __imp_IsValidCodePage      000000018000d178     kernel32:KERNEL32.dll
 0002:00000180       __imp_GetOEMCP             000000018000d180     kernel32:KERNEL32.dll
 0002:00000188       __imp_GetCPInfo            000000018000d188     kernel32:KERNEL32.dll
 0002:00000190       __imp_GetCommandLineA      000000018000d190     kernel32:KERNEL32.dll
 0002:00000198       __imp_GetCommandLineW      000000018000d198     kernel32:KERNEL32.dll
 0002:000001a0       __imp_GetEnvironmentStringsW 000000018000d1a0     kernel32:KERNEL32.dll
 0002:000001a8       __imp_FreeEnvironmentStringsW 000000018000d1a8     kernel32:KERNEL32.dll
 0002:000001b0       __imp_GetProcessHeap       000000018000d1b0     kernel32:KERNEL32.dll
 0002:000001b8       __imp_GetStdHandle         000000018000d1b8     kernel32:KERNEL32.dll
 0002:000001c0       __imp_GetFileType          000000018000d1c0     kernel32:KERNEL32.dll
 0002:000001c8       __imp_GetStringTypeW       000000018000d1c8     kernel32:KERNEL32.dll
 0002:000001d0       __imp_HeapSize             000000018000d1d0     kernel32:KERNEL32.dll
 0002:000001d8       __imp_HeapReAlloc          000000018000d1d8     kernel32:KERNEL32.dll
 0002:000001e0       __imp_SetStdHandle         000000018000d1e0     kernel32:KERNEL32.dll
 0002:000001e8       __imp_WriteFile            000000018000d1e8     kernel32:KERNEL32.dll
 0002:000001f0       __imp_FlushFileBuffers     000000018000d1f0     kernel32:KERNEL32.dll
 0002:000001f8       __imp_GetConsoleCP         000000018000d1f8     kernel32:KERNEL32.dll
 0002:00000200       __imp_GetConsoleMode       000000018000d200     kernel32:KERNEL32.dll
 0002:00000208       __imp_SetFilePointerEx     000000018000d208     kernel32:KERNEL32.dll
 0002:00000210       __imp_CloseHandle          000000018000d210     kernel32:KERNEL32.dll
 0002:00000218       __imp_WriteConsoleW        000000018000d218     kernel32:KERNEL32.dll
 0002:00000220       __imp_CreateFileW          000000018000d220     kernel32:KERNEL32.dll
 0002:00000228       __imp_GetSystemInfo        000000018000d228     kernel32:KERNEL32.dll
 0002:00000230       __imp_VirtualProtect       000000018000d230     kernel32:KERNEL32.dll
 0002:00000238       __imp_VirtualQuery         000000018000d238     kernel32:KERNEL32.dll
 0002:00000240       __imp_LoadLibraryExA       000000018000d240     kernel32:KERNEL32.dll
 0002:00000248       \177KERNEL32_NULL_THUNK_DATA 000000018000d248     kernel32:KERNEL32.dll
 0002:00000250       __guard_check_icall_fptr   000000018000d250     LIBCMT:guard_support.obj
 0002:00000258       __guard_dispatch_icall_fptr 000000018000d258     LIBCMT:guard_support.obj
 0002:00000260       __xc_a                     000000018000d260     LIBCMT:initializers.obj
 0002:00000268       _register_myaddon_         000000018000d268     myaddon.obj
 0002:00000270       __xc_z                     000000018000d270     LIBCMT:initializers.obj
 0002:00000278       __xi_a                     000000018000d278     LIBCMT:initializers.obj
 0002:00000280       __acrt_multibyte_initializer 000000018000d280     libucrt:multibyte_initializer.obj
 0002:00000288       __acrt_stdio_initializer   000000018000d288     libucrt:stdio_initializer.obj
 0002:00000290       __acrt_tran_fma3_initializer 000000018000d290     libucrt:fma3_initializer.obj
 0002:00000298       __xi_z                     000000018000d298     LIBCMT:initializers.obj
 0002:000002a0       __xp_a                     000000018000d2a0     LIBCMT:initializers.obj
 0002:000002a8       __acrt_locale_terminator   000000018000d2a8     libucrt:locale_initializer.obj
 0002:000002b0       __dcrt_console_output_terminator 000000018000d2b0     libucrt:console_output_initializer.obj
 0002:000002b8       __acrt_stdio_terminator    000000018000d2b8     libucrt:stdio_initializer.obj
 0002:000002c0       __xp_z                     000000018000d2c0     LIBCMT:initializers.obj
 0002:000002c8       __xt_a                     000000018000d2c8     LIBCMT:initializers.obj
 0002:000002d0       __xt_z                     000000018000d2d0     LIBCMT:initializers.obj
 0002:000002e0       __sz_node_exe              000000018000d2e0     node:node.exe
 0002:000002f0       _pRawDllMain               000000018000d2f0     LIBCMT:dll_dllmain.obj
 0002:000002f0       _pDefaultRawDllMain        000000018000d2f0     LIBCMT:dll_dllmain.obj
 0002:00000310       ??_7exception@std@@6B@     000000018000d310     LIBCMT:throw_bad_alloc.obj
 0002:00000320       ??_C@_0BC@EOODALEL@Unknown?5exception?$AA@ 000000018000d320     LIBCMT:throw_bad_alloc.obj
 0002:00000340       ??_7bad_alloc@std@@6B@     000000018000d340     LIBCMT:throw_bad_alloc.obj
 0002:00000350       ??_C@_0P@GHFPNOJB@bad?5allocation?$AA@ 000000018000d350     LIBCMT:throw_bad_alloc.obj
 0002:00000368       ??_7bad_array_new_length@std@@6B@ 000000018000d368     LIBCMT:throw_bad_alloc.obj
 0002:00000378       ??_C@_0BF@KINCDENJ@bad?5array?5new?5length?$AA@ 000000018000d378     LIBCMT:throw_bad_alloc.obj
 0002:00000398       ??_7type_info@@6B@         000000018000d398     LIBCMT:std_type_info_static.obj
 0002:00000400       ??_C@_1BC@DNHGCMLG@?$AAa?$AAd?$AAv?$AAa?$AAp?$AAi?$AA3?$AA2?$AA?$AA@ 000000018000d400     libvcruntime:winapi_downlevel.obj
 0002:00000418       ??_C@_1DM@KHCHBNEB@?$AAa?$AAp?$AAi?$AA?9?$AAm?$AAs?$AA?9?$AAw?$AAi?$AAn?$AA?9?$AAc?$AAo?$AAr?$AAe?$AA?9?$AAf?$AAi?$AAb?$AAe?$AAr?$AAs?$AA?9?$AAl?$AA1?$AA?9?$AA1?$AA?9?$AA1?$AA?$AA@ 000000018000d418     libvcruntime:winapi_downlevel.obj
 0002:00000458       ??_C@_1DK@LPPGFMPP@?$AAa?$AAp?$AAi?$AA?9?$AAm?$AAs?$AA?9?$AAw?$AAi?$AAn?$AA?9?$AAc?$AAo?$AAr?$AAe?$AA?9?$AAs?$AAy?$AAn?$AAc?$AAh?$AA?9?$AAl?$AA1?$AA?9?$AA2?$AA?9?$AA0?$AA?$AA@ 000000018000d458     libvcruntime:winapi_downlevel.obj
 0002:00000498       ??_C@_1BC@GDMECMAK@?$AAk?$AAe?$AAr?$AAn?$AAe?$AAl?$AA3?$AA2?$AA?$AA@ 000000018000d498     libvcruntime:winapi_downlevel.obj
 0002:000004b8       ??_C@_08KNHFBNJ@FlsAlloc?$AA@ 000000018000d4b8     libvcruntime:winapi_downlevel.obj
 0002:000004d0       ??_C@_07PEJMOBNF@FlsFree?$AA@ 000000018000d4d0     libvcruntime:winapi_downlevel.obj
 0002:000004e0       ??_C@_0M@GDNOONDI@FlsGetValue?$AA@ 000000018000d4e0     libvcruntime:winapi_downlevel.obj
 0002:000004f8       ??_C@_0M@JCPCPOEF@FlsSetValue?$AA@ 000000018000d4f8     libvcruntime:winapi_downlevel.obj
 0002:00000510       ??_C@_0BM@HCFOFFN@InitializeCriticalSectionEx?$AA@ 000000018000d510     libvcruntime:winapi_downlevel.obj
 0002:00000850       ??_C@_08EHJDFFNH@__based?$CI?$AA@ 000000018000d850     libvcruntime:undname.obj
 0002:00000860       ??_C@_07KOLFKCDI@__cdecl?$AA@ 000000018000d860     libvcruntime:undname.obj
 0002:00000868       ??_C@_08GHMPAG@__pascal?$AA@ 000000018000d868     libvcruntime:undname.obj
 0002:00000878       ??_C@_09IFJBGAPI@__stdcall?$AA@ 000000018000d878     libvcruntime:undname.obj
 0002:00000888       ??_C@_0L@NPHFGOKO@__thiscall?$AA@ 000000018000d888     libvcruntime:undname.obj
 0002:00000898       ??_C@_0L@JMKHOMEK@__fastcall?$AA@ 000000018000d898     libvcruntime:undname.obj
 0002:000008a8       ??_C@_0N@BCKKPABJ@__vectorcall?$AA@ 000000018000d8a8     libvcruntime:undname.obj
 0002:000008b8       ??_C@_09HIJEGCPM@__clrcall?$AA@ 000000018000d8b8     libvcruntime:undname.obj
 0002:000008c4       ??_C@_06GHPCKEAG@__eabi?$AA@ 000000018000d8c4     libvcruntime:undname.obj
 0002:000008d0       ??_C@_07JOMMBBKO@__ptr64?$AA@ 000000018000d8d0     libvcruntime:undname.obj
 0002:000008d8       ??_C@_0L@PILCLIHE@__restrict?$AA@ 000000018000d8d8     libvcruntime:undname.obj
 0002:000008e8       ??_C@_0M@GFIIJFMG@__unaligned?$AA@ 000000018000d8e8     libvcruntime:undname.obj
 0002:000008f8       ??_C@_09DHDLOLLB@restrict?$CI?$AA@ 000000018000d8f8     libvcruntime:undname.obj
 0002:00000902       ??_C@_00CNPNBAHC@?$AA@     000000018000d902     libvcruntime:undname.obj
 0002:00000904       ??_C@_04NIHEBCM@?5new?$AA@ 000000018000d904     libvcruntime:undname.obj
 0002:00000910       ??_C@_07FPCDHGMM@?5delete?$AA@ 000000018000d910     libvcruntime:undname.obj
 0002:00000918       ??_C@_01NEMOKFLO@?$DN?$AA@ 000000018000d918     libvcruntime:undname.obj
 0002:0000091c       ??_C@_02GPIOPFAK@?$DO?$DO?$AA@ 000000018000d91c     libvcruntime:undname.obj
 0002:00000920       ??_C@_02FODMEDOG@?$DM?$DM?$AA@ 000000018000d920     libvcruntime:undname.obj
 0002:00000924       ??_C@_01DCLJPIOD@?$CB?$AA@ 000000018000d924     libvcruntime:undname.obj
 0002:00000928       ??_C@_02EGOFBIJA@?$DN?$DN?$AA@ 000000018000d928     libvcruntime:undname.obj
 0002:0000092c       ??_C@_02FDNJECIE@?$CB?$DN?$AA@ 000000018000d92c     libvcruntime:undname.obj
 0002:00000930       ??_C@_02GPECMEKF@?$FL?$FN?$AA@ 000000018000d930     libvcruntime:undname.obj
 0002:00000938       ??_C@_08LHJFAFGD@operator?$AA@ 000000018000d938     libvcruntime:undname.obj
 0002:00000944       ??_C@_02HBOOOICD@?9?$DO?$AA@ 000000018000d944     libvcruntime:undname.obj
 0002:00000948       ??_C@_01NBENCBCI@?$CK?$AA@ 000000018000d948     libvcruntime:undname.obj
 0002:0000094c       ??_C@_02ECNGHCIF@?$CL?$CL?$AA@ 000000018000d94c     libvcruntime:undname.obj
 0002:00000950       ??_C@_02BAABKJLB@?9?9?$AA@ 000000018000d950     libvcruntime:undname.obj
 0002:00000954       ??_C@_01JOAMLHOP@?9?$AA@   000000018000d954     libvcruntime:undname.obj
 0002:00000958       ??_C@_01MIFGBAGJ@?$CL?$AA@ 000000018000d958     libvcruntime:undname.obj
 0002:0000095c       ??_C@_01HNPIGOCE@?$CG?$AA@ 000000018000d95c     libvcruntime:undname.obj
 0002:00000960       ??_C@_03MNHNFDLC@?9?$DO?$CK?$AA@ 000000018000d960     libvcruntime:undname.obj
 0002:00000964       ??_C@_01KMDKNFGN@?1?$AA@   000000018000d964     libvcruntime:undname.obj
 0002:00000968       ??_C@_01FGNFDNOH@?$CF?$AA@ 000000018000d968     libvcruntime:undname.obj
 0002:0000096c       ??_C@_01MNNFJEPP@?$DM?$AA@ 000000018000d96c     libvcruntime:undname.obj
 0002:00000970       ??_C@_02EHCHHCKH@?$DM?$DN?$AA@ 000000018000d970     libvcruntime:undname.obj
 0002:00000974       ??_C@_01PPODPGHN@?$DO?$AA@ 000000018000d974     libvcruntime:undname.obj
 0002:00000978       ??_C@_02EEKDKGMJ@?$DO?$DN?$AA@ 000000018000d978     libvcruntime:undname.obj
 0002:0000097c       ??_C@_01IHBHIGKO@?0?$AA@   000000018000d97c     libvcruntime:undname.obj
 0002:00000980       ??_C@_02HCKGKOFO@?$CI?$CJ?$AA@ 000000018000d980     libvcruntime:undname.obj
 0002:00000984       ??_C@_01PJKLJHI@?$HO?$AA@  000000018000d984     libvcruntime:undname.obj
 0002:00000988       ??_C@_01JKBOJNNK@?$FO?$AA@ 000000018000d988     libvcruntime:undname.obj
 0002:0000098c       ??_C@_01DNKMNLPK@?$HM?$AA@ 000000018000d98c     libvcruntime:undname.obj
 0002:00000990       ??_C@_02PPKAJPJL@?$CG?$CG?$AA@ 000000018000d990     libvcruntime:undname.obj
 0002:00000994       ??_C@_02NONPIBCD@?$HM?$HM?$AA@ 000000018000d994     libvcruntime:undname.obj
 0002:00000998       ??_C@_02FPIMKNGF@?$CK?$DN?$AA@ 000000018000d998     libvcruntime:undname.obj
 0002:0000099c       ??_C@_02FOEOMHFC@?$CL?$DN?$AA@ 000000018000d99c     libvcruntime:undname.obj
 0002:000009a0       ??_C@_02FKMDLLOA@?9?$DN?$AA@ 000000018000d9a0     libvcruntime:undname.obj
 0002:000009a4       ??_C@_02FJEHGPIO@?1?$DN?$AA@ 000000018000d9a4     libvcruntime:undname.obj
 0002:000009a8       ??_C@_02FENAOKFI@?$CF?$DN?$AA@ 000000018000d9a8     libvcruntime:undname.obj
 0002:000009ac       ??_C@_03IKFCCPFF@?$DO?$DO?$DN?$AA@ 000000018000d9ac     libvcruntime:undname.obj
 0002:000009b0       ??_C@_03CDNPDDLA@?$DM?$DM?$DN?$AA@ 000000018000d9b0     libvcruntime:undname.obj
 0002:000009b4       ??_C@_02FGJGFEAB@?$CG?$DN?$AA@ 000000018000d9b4     libvcruntime:undname.obj
 0002:000009b8       ??_C@_02DHLNPPGH@?$HM?$DN?$AA@ 000000018000d9b8     libvcruntime:undname.obj
 0002:000009bc       ??_C@_02MHEGNOJ@?$FO?$DN?$AA@ 000000018000d9bc     libvcruntime:undname.obj
 0002:000009c0       ??_C@_09IFPLHPGF@?$GAvftable?8?$AA@ 000000018000d9c0     libvcruntime:undname.obj
 0002:000009d0       ??_C@_09BLBHBJP@?$GAvbtable?8?$AA@ 000000018000d9d0     libvcruntime:undname.obj
 0002:000009e0       ??_C@_07FEEIOKP@?$GAvcall?8?$AA@ 000000018000d9e0     libvcruntime:undname.obj
 0002:000009e8       ??_C@_08LLFFHHDJ@?$GAtypeof?8?$AA@ 000000018000d9e8     libvcruntime:undname.obj
 0002:000009f8       ??_C@_0BF@KDPPACIK@?$GAlocal?5static?5guard?8?$AA@ 000000018000d9f8     libvcruntime:undname.obj
 0002:00000a10       ??_C@_08OBABFOLI@?$GAstring?8?$AA@ 000000018000da10     libvcruntime:undname.obj
 0002:00000a20       ??_C@_0BD@JDLKDPAB@?$GAvbase?5destructor?8?$AA@ 000000018000da20     libvcruntime:undname.obj
 0002:00000a38       ??_C@_0BN@DEGPLNFK@?$GAvector?5deleting?5destructor?8?$AA@ 000000018000da38     libvcruntime:undname.obj
 0002:00000a58       ??_C@_0BO@OBMKPJIG@?$GAdefault?5constructor?5closure?8?$AA@ 000000018000da58     libvcruntime:undname.obj
 0002:00000a78       ??_C@_0BN@IMDCHIKM@?$GAscalar?5deleting?5destructor?8?$AA@ 000000018000da78     libvcruntime:undname.obj
 0002:00000a98       ??_C@_0BO@PFGOCPJJ@?$GAvector?5constructor?5iterator?8?$AA@ 000000018000da98     libvcruntime:undname.obj
 0002:00000ab8       ??_C@_0BN@LFPFMEDL@?$GAvector?5destructor?5iterator?8?$AA@ 000000018000dab8     libvcruntime:undname.obj
 0002:00000ad8       ??_C@_0CE@IKBNEHA@?$GAvector?5vbase?5constructor?5iterat@ 000000018000dad8     libvcruntime:undname.obj
 0002:00000b00       ??_C@_0BL@NILFHHPC@?$GAvirtual?5displacement?5map?8?$AA@ 000000018000db00     libvcruntime:undname.obj
 0002:00000b20       ??_C@_0CB@JONCMFFK@?$GAeh?5vector?5constructor?5iterator?8@ 000000018000db20     libvcruntime:undname.obj
 0002:00000b48       ??_C@_0CA@GCEOPDGL@?$GAeh?5vector?5destructor?5iterator?8?$AA@ 000000018000db48     libvcruntime:undname.obj
 0002:00000b68       ??_C@_0CH@OOJPLCPH@?$GAeh?5vector?5vbase?5constructor?5ite@ 000000018000db68     libvcruntime:undname.obj
 0002:00000b90       ??_C@_0BL@LLKPOHJI@?$GAcopy?5constructor?5closure?8?$AA@ 000000018000db90     libvcruntime:undname.obj
 0002:00000bb0       ??_C@_0BA@KBCDOMBN@?$GAudt?5returning?8?$AA@ 000000018000dbb0     libvcruntime:undname.obj
 0002:00000bc0       ??_C@_03KLGMFNMG@?$GAEH?$AA@ 000000018000dbc0     libvcruntime:undname.obj
 0002:00000bc4       ??_C@_05KHLCHHI@?$GARTTI?$AA@ 000000018000dbc4     libvcruntime:undname.obj
 0002:00000bd0       ??_C@_0BA@KKLDJDLB@?$GAlocal?5vftable?8?$AA@ 000000018000dbd0     libvcruntime:undname.obj
 0002:00000be0       ??_C@_0CE@IIHCMGGL@?$GAlocal?5vftable?5constructor?5closu@ 000000018000dbe0     libvcruntime:undname.obj
 0002:00000c04       ??_C@_06FHBGPFGH@?5new?$FL?$FN?$AA@ 000000018000dc04     libvcruntime:undname.obj
 0002:00000c10       ??_C@_09LBNFPBCA@?5delete?$FL?$FN?$AA@ 000000018000dc10     libvcruntime:undname.obj
 0002:00000c20       ??_C@_0P@HJKNJFNN@?$GAomni?5callsig?8?$AA@ 000000018000dc20     libvcruntime:undname.obj
 0002:00000c30       ??_C@_0BL@CNOONJFP@?$GAplacement?5delete?5closure?8?$AA@ 000000018000dc30     libvcruntime:undname.obj
 0002:00000c50       ??_C@_0BN@CKNJLHMB@?$GAplacement?5delete?$FL?$FN?5closure?8?$AA@ 000000018000dc50     libvcruntime:undname.obj
 0002:00000c70       ??_C@_0CG@CFDHKGGD@?$GAmanaged?5vector?5constructor?5iter@ 000000018000dc70     libvcruntime:undname.obj
 0002:00000c98       ??_C@_0CF@IMGKMJNO@?$GAmanaged?5vector?5destructor?5itera@ 000000018000dc98     libvcruntime:undname.obj
 0002:00000cc0       ??_C@_0CG@HLDDJMAG@?$GAeh?5vector?5copy?5constructor?5iter@ 000000018000dcc0     libvcruntime:undname.obj
 0002:00000ce8       ??_C@_0CM@FCBBDIGB@?$GAeh?5vector?5vbase?5copy?5constructo@ 000000018000dce8     libvcruntime:undname.obj
 0002:00000d18       ??_C@_0BL@CLIPGLGB@?$GAdynamic?5initializer?5for?5?8?$AA@ 000000018000dd18     libvcruntime:undname.obj
 0002:00000d38       ??_C@_0CB@PDBIFEP@?$GAdynamic?5atexit?5destructor?5for?5?8@ 000000018000dd38     libvcruntime:undname.obj
 0002:00000d60       ??_C@_0CD@CGAJBKEJ@?$GAvector?5copy?5constructor?5iterato@ 000000018000dd60     libvcruntime:undname.obj
 0002:00000d88       ??_C@_0CJ@GJELGAMM@?$GAvector?5vbase?5copy?5constructor?5i@ 000000018000dd88     libvcruntime:undname.obj
 0002:00000db8       ??_C@_0CL@FGIJHLCE@?$GAmanaged?5vector?5copy?5constructor@ 000000018000ddb8     libvcruntime:undname.obj
 0002:00000de8       ??_C@_0BM@PMGGMLDN@?$GAlocal?5static?5thread?5guard?8?$AA@ 000000018000dde8     libvcruntime:undname.obj
 0002:00000e08       ??_C@_0N@BDNMDMOL@operator?5?$CC?$CC?5?$AA@ 000000018000de08     libvcruntime:undname.obj
 0002:00000e18       ??_C@_0BC@DAFEJGAK@?5Type?5Descriptor?8?$AA@ 000000018000de18     libvcruntime:undname.obj
 0002:00000e30       ??_C@_0BM@LDKODKLH@?5Base?5Class?5Descriptor?5at?5?$CI?$AA@ 000000018000de30     libvcruntime:undname.obj
 0002:00000e50       ??_C@_0BD@LGICGFMM@?5Base?5Class?5Array?8?$AA@ 000000018000de50     libvcruntime:undname.obj
 0002:00000e68       ??_C@_0BN@MECKDCOJ@?5Class?5Hierarchy?5Descriptor?8?$AA@ 000000018000de68     libvcruntime:undname.obj
 0002:00000e88       ??_C@_0BK@CFCOFLF@?5Complete?5Object?5Locator?8?$AA@ 000000018000de88     libvcruntime:undname.obj
 0002:00000eb0       __acrt_exception_action_table 000000018000deb0     libucrt:exception_filter.obj
 0002:00000f70       __acrt_signal_action_table_count 000000018000df70     libucrt:exception_filter.obj
 0002:00000f78       __acrt_signal_action_first_fpe_index 000000018000df78     libucrt:exception_filter.obj
 0002:00000f80       __acrt_signal_action_fpe_count 000000018000df80     libucrt:exception_filter.obj
 0002:00000f88       ??_C@_1BI@BGOHAHKC@?$AAm?$AAs?$AAc?$AAo?$AAr?$AAe?$AAe?$AA?4?$AAd?$AAl?$AAl?$AA?$AA@ 000000018000df88     libucrt:exit.obj
 0002:00000fa0       ??_C@_0P@MIGLKIOC@CorExitProcess?$AA@ 000000018000dfa0     libucrt:exit.obj
 0002:00001210       __lc_time_c                000000018000e210     libucrt:nlsdata.obj
 0002:000014d0       ??_C@_03KOEHGMDN@Sun?$AA@  000000018000e4d0     libucrt:nlsdata.obj
 0002:000014d4       ??_C@_03PDAGKDH@Mon?$AA@   000000018000e4d4     libucrt:nlsdata.obj
 0002:000014d8       ??_C@_03NAGEINEP@Tue?$AA@  000000018000e4d8     libucrt:nlsdata.obj
 0002:000014dc       ??_C@_03MHOMLAJA@Wed?$AA@  000000018000e4dc     libucrt:nlsdata.obj
 0002:000014e0       ??_C@_03IOFIKPDN@Thu?$AA@  000000018000e4e0     libucrt:nlsdata.obj
 0002:000014e4       ??_C@_03IDIOELNC@Fri?$AA@  000000018000e4e4     libucrt:nlsdata.obj
 0002:000014e8       ??_C@_03FEFJNEK@Sat?$AA@   000000018000e4e8     libucrt:nlsdata.obj
 0002:000014ec       ??_C@_06OOPIFAJ@Sunday?$AA@ 000000018000e4ec     libucrt:nlsdata.obj
 0002:000014f4       ??_C@_06JLEDEDGH@Monday?$AA@ 000000018000e4f4     libucrt:nlsdata.obj
 0002:00001500       ??_C@_07BAAGCFCM@Tuesday?$AA@ 000000018000e500     libucrt:nlsdata.obj
 0002:00001508       ??_C@_09DLIGFAKA@Wednesday?$AA@ 000000018000e508     libucrt:nlsdata.obj
 0002:00001518       ??_C@_08HACCIKIA@Thursday?$AA@ 000000018000e518     libucrt:nlsdata.obj
 0002:00001524       ??_C@_06JECMNKMI@Friday?$AA@ 000000018000e524     libucrt:nlsdata.obj
 0002:00001530       ??_C@_08INBOOONO@Saturday?$AA@ 000000018000e530     libucrt:nlsdata.obj
 0002:0000153c       ??_C@_03JIHJHPIE@Jan?$AA@  000000018000e53c     libucrt:nlsdata.obj
 0002:00001540       ??_C@_03HJBDCHOM@Feb?$AA@  000000018000e540     libucrt:nlsdata.obj
 0002:00001544       ??_C@_03ODNJBKGA@Mar?$AA@  000000018000e544     libucrt:nlsdata.obj
 0002:00001548       ??_C@_03LEOLGMJP@Apr?$AA@  000000018000e548     libucrt:nlsdata.obj
 0002:0000154c       ??_C@_03CNMDKL@May?$AA@    000000018000e54c     libucrt:nlsdata.obj
 0002:00001550       ??_C@_03IDFGHECI@Jun?$AA@  000000018000e550     libucrt:nlsdata.obj
 0002:00001554       ??_C@_03LBGABGKK@Jul?$AA@  000000018000e554     libucrt:nlsdata.obj
 0002:00001558       ??_C@_03IFJFEIGA@Aug?$AA@  000000018000e558     libucrt:nlsdata.obj
 0002:0000155c       ??_C@_03GGCAPAJC@Sep?$AA@  000000018000e55c     libucrt:nlsdata.obj
 0002:00001560       ??_C@_03BMAOKBAD@Oct?$AA@  000000018000e560     libucrt:nlsdata.obj
 0002:00001564       ??_C@_03JPJOFNIA@Nov?$AA@  000000018000e564     libucrt:nlsdata.obj
 0002:00001568       ??_C@_03MKABNOCG@Dec?$AA@  000000018000e568     libucrt:nlsdata.obj
 0002:00001570       ??_C@_07CGJPFGJA@January?$AA@ 000000018000e570     libucrt:nlsdata.obj
 0002:00001578       ??_C@_08GNJGEPFN@February?$AA@ 000000018000e578     libucrt:nlsdata.obj
 0002:00001584       ??_C@_05HPCKOFNC@March?$AA@ 000000018000e584     libucrt:nlsdata.obj
 0002:0000158c       ??_C@_05DMJDNLEJ@April?$AA@ 000000018000e58c     libucrt:nlsdata.obj
 0002:00001594       ??_C@_04CNLMGBGM@June?$AA@ 000000018000e594     libucrt:nlsdata.obj
 0002:0000159c       ??_C@_04MIEPOIFP@July?$AA@ 000000018000e59c     libucrt:nlsdata.obj
 0002:000015a4       ??_C@_06LBBHFDDG@August?$AA@ 000000018000e5a4     libucrt:nlsdata.obj
 0002:000015b0       ??_C@_09BHHEALKD@September?$AA@ 000000018000e5b0     libucrt:nlsdata.obj
 0002:000015c0       ??_C@_07JJNFCEND@October?$AA@ 000000018000e5c0     libucrt:nlsdata.obj
 0002:000015c8       ??_C@_08HCHEGEOA@November?$AA@ 000000018000e5c8     libucrt:nlsdata.obj
 0002:000015d8       ??_C@_08EDHMEBNP@December?$AA@ 000000018000e5d8     libucrt:nlsdata.obj
 0002:000015e4       ??_C@_02DEDBPAFC@AM?$AA@   000000018000e5e4     libucrt:nlsdata.obj
 0002:000015e8       ??_C@_02CJNFDJBF@PM?$AA@   000000018000e5e8     libucrt:nlsdata.obj
 0002:000015f0       ??_C@_08BPBNCDIB@MM?1dd?1yy?$AA@ 000000018000e5f0     libucrt:nlsdata.obj
 0002:00001600       ??_C@_0BE@CKGJFCPC@dddd?0?5MMMM?5dd?0?5yyyy?$AA@ 000000018000e600     libucrt:nlsdata.obj
 0002:00001618       ??_C@_08JCCMCCIL@HH?3mm?3ss?$AA@ 000000018000e618     libucrt:nlsdata.obj
 0002:00001628       ??_C@_17MBGCMIPB@?$AAS?$AAu?$AAn?$AA?$AA@ 000000018000e628     libucrt:nlsdata.obj
 0002:00001630       ??_C@_17KBOMKBF@?$AAM?$AAo?$AAn?$AA?$AA@ 000000018000e630     libucrt:nlsdata.obj
 0002:00001638       ??_C@_17BMKGEGOJ@?$AAT?$AAu?$AAe?$AA?$AA@ 000000018000e638     libucrt:nlsdata.obj
 0002:00001640       ??_C@_17CJEDCEPE@?$AAW?$AAe?$AAd?$AA?$AA@ 000000018000e640     libucrt:nlsdata.obj
 0002:00001648       ??_C@_17PDPHAADD@?$AAT?$AAh?$AAu?$AA?$AA@ 000000018000e648     libucrt:nlsdata.obj
 0002:00001650       ??_C@_17HFOLPPLP@?$AAF?$AAr?$AAi?$AA?$AA@ 000000018000e650     libucrt:nlsdata.obj
 0002:00001658       ??_C@_17GGIBDPIH@?$AAS?$AAa?$AAt?$AA?$AA@ 000000018000e658     libucrt:nlsdata.obj
 0002:00001660       ??_C@_1O@IHNHDHPB@?$AAS?$AAu?$AAn?$AAd?$AAa?$AAy?$AA?$AA@ 000000018000e660     libucrt:nlsdata.obj
 0002:00001670       ??_C@_1O@MMNBFLIA@?$AAM?$AAo?$AAn?$AAd?$AAa?$AAy?$AA?$AA@ 000000018000e670     libucrt:nlsdata.obj
 0002:00001680       ??_C@_1BA@ENFBFFEK@?$AAT?$AAu?$AAe?$AAs?$AAd?$AAa?$AAy?$AA?$AA@ 000000018000e680     libucrt:nlsdata.obj
 0002:00001690       ??_C@_1BE@EBOGMDOH@?$AAW?$AAe?$AAd?$AAn?$AAe?$AAs?$AAd?$AAa?$AAy?$AA?$AA@ 000000018000e690     libucrt:nlsdata.obj
 0002:000016a8       ??_C@_1BC@HHMNLIHE@?$AAT?$AAh?$AAu?$AAr?$AAs?$AAd?$AAa?$AAy?$AA?$AA@ 000000018000e6a8     libucrt:nlsdata.obj
 0002:000016c0       ??_C@_1O@PDICJHAG@?$AAF?$AAr?$AAi?$AAd?$AAa?$AAy?$AA?$AA@ 000000018000e6c0     libucrt:nlsdata.obj
 0002:000016d0       ??_C@_1BC@ENMNNPAJ@?$AAS?$AAa?$AAt?$AAu?$AAr?$AAd?$AAa?$AAy?$AA?$AA@ 000000018000e6d0     libucrt:nlsdata.obj
 0002:000016e8       ??_C@_17DKNBKCHM@?$AAJ?$AAa?$AAn?$AA?$AA@ 000000018000e6e8     libucrt:nlsdata.obj
 0002:000016f0       ??_C@_17LMDJEKJN@?$AAF?$AAe?$AAb?$AA?$AA@ 000000018000e6f0     libucrt:nlsdata.obj
 0002:000016f8       ??_C@_17CKNLEDEC@?$AAM?$AAa?$AAr?$AA?$AA@ 000000018000e6f8     libucrt:nlsdata.obj
 0002:00001700       ??_C@_17LFPOIHDD@?$AAA?$AAp?$AAr?$AA?$AA@ 000000018000e700     libucrt:nlsdata.obj
 0002:00001708       ??_C@_17PNNKMEED@?$AAM?$AAa?$AAy?$AA?$AA@ 000000018000e708     libucrt:nlsdata.obj
 0002:00001710       ??_C@_17KCJGOCPB@?$AAJ?$AAu?$AAn?$AA?$AA@ 000000018000e710     libucrt:nlsdata.obj
 0002:00001718       ??_C@_17IJPCKHK@?$AAJ?$AAu?$AAl?$AA?$AA@ 000000018000e718     libucrt:nlsdata.obj
 0002:00001720       ??_C@_17ICPELBCN@?$AAA?$AAu?$AAg?$AA?$AA@ 000000018000e720     libucrt:nlsdata.obj
 0002:00001728       ??_C@_17HCHCOKMG@?$AAS?$AAe?$AAp?$AA?$AA@ 000000018000e728     libucrt:nlsdata.obj
 0002:00001730       ??_C@_17FNLKOI@?$AAO?$AAc?$AAt?$AA?$AA@ 000000018000e730     libucrt:nlsdata.obj
 0002:00001738       ??_C@_17BBDMLCIG@?$AAN?$AAo?$AAv?$AA?$AA@ 000000018000e738     libucrt:nlsdata.obj
 0002:00001740       ??_C@_17EGKACKIF@?$AAD?$AAe?$AAc?$AA?$AA@ 000000018000e740     libucrt:nlsdata.obj
 0002:00001748       ??_C@_1BA@EFMEIEBA@?$AAJ?$AAa?$AAn?$AAu?$AAa?$AAr?$AAy?$AA?$AA@ 000000018000e748     libucrt:nlsdata.obj
 0002:00001758       ??_C@_1BC@JGDDFFAM@?$AAF?$AAe?$AAb?$AAr?$AAu?$AAa?$AAr?$AAy?$AA?$AA@ 000000018000e758     libucrt:nlsdata.obj
 0002:00001770       ??_C@_1M@IKEENEDF@?$AAM?$AAa?$AAr?$AAc?$AAh?$AA?$AA@ 000000018000e770     libucrt:nlsdata.obj
 0002:00001780       ??_C@_1M@GJNLMHFD@?$AAA?$AAp?$AAr?$AAi?$AAl?$AA?$AA@ 000000018000e780     libucrt:nlsdata.obj
 0002:00001790       ??_C@_19EPFLPGAP@?$AAJ?$AAu?$AAn?$AAe?$AA?$AA@ 000000018000e790     libucrt:nlsdata.obj
 0002:000017a0       ??_C@_19BIFMLPCD@?$AAJ?$AAu?$AAl?$AAy?$AA?$AA@ 000000018000e7a0     libucrt:nlsdata.obj
 0002:000017b0       ??_C@_1O@PAHLKOAC@?$AAA?$AAu?$AAg?$AAu?$AAs?$AAt?$AA?$AA@ 000000018000e7b0     libucrt:nlsdata.obj
 0002:000017c0       ??_C@_1BE@DKAAMBJL@?$AAS?$AAe?$AAp?$AAt?$AAe?$AAm?$AAb?$AAe?$AAr?$AA?$AA@ 000000018000e7c0     libucrt:nlsdata.obj
 0002:000017d8       ??_C@_1BA@EPANDLNG@?$AAO?$AAc?$AAt?$AAo?$AAb?$AAe?$AAr?$AA?$AA@ 000000018000e7d8     libucrt:nlsdata.obj
 0002:000017e8       ??_C@_1BC@BGLIFPF@?$AAN?$AAo?$AAv?$AAe?$AAm?$AAb?$AAe?$AAr?$AA?$AA@ 000000018000e7e8     libucrt:nlsdata.obj
 0002:00001800       ??_C@_1BC@FEMKIFH@?$AAD?$AAe?$AAc?$AAe?$AAm?$AAb?$AAe?$AAr?$AA?$AA@ 000000018000e800     libucrt:nlsdata.obj
 0002:00001814       ??_C@_15ODEHAHHF@?$AAA?$AAM?$AA?$AA@ 000000018000e814     libucrt:nlsdata.obj
 0002:0000181c       ??_C@_15CLMNNGEL@?$AAP?$AAM?$AA?$AA@ 000000018000e81c     libucrt:nlsdata.obj
 0002:00001828       ??_C@_1BC@IEBCMHCM@?$AAM?$AAM?$AA?1?$AAd?$AAd?$AA?1?$AAy?$AAy?$AA?$AA@ 000000018000e828     libucrt:nlsdata.obj
 0002:00001840       ??_C@_1CI@KNAKOEBC@?$AAd?$AAd?$AAd?$AAd?$AA?0?$AA?5?$AAM?$AAM?$AAM?$AAM?$AA?5?$AAd?$AAd?$AA?0?$AA?5?$AAy?$AAy?$AAy?$AAy?$AA?$AA@ 000000018000e840     libucrt:nlsdata.obj
 0002:00001868       ??_C@_1BC@GDGBMEMK@?$AAH?$AAH?$AA?3?$AAm?$AAm?$AA?3?$AAs?$AAs?$AA?$AA@ 000000018000e868     libucrt:nlsdata.obj
 0002:00001880       ??_C@_1M@BMHNFIME@?$AAe?$AAn?$AA?9?$AAU?$AAS?$AA?$AA@ 000000018000e880     libucrt:nlsdata.obj
 0002:00001930       ??_C@_1EG@CNNIPFIM@?$AAa?$AAp?$AAi?$AA?9?$AAm?$AAs?$AA?9?$AAw?$AAi?$AAn?$AA?9?$AAa?$AAp?$AAp?$AAm?$AAo?$AAd?$AAe?$AAl?$AA?9?$AAr?$AAu?$AAn?$AAt?$AAi?$AAm?$AAe?$AA?9?$AAl?$AA1?$AA?9?$AA1@ 000000018000e930     libucrt:winapi_thunks.obj
 0002:00001980       ??_C@_1EA@JGEFHKEI@?$AAa?$AAp?$AAi?$AA?9?$AAm?$AAs?$AA?9?$AAw?$AAi?$AAn?$AA?9?$AAc?$AAo?$AAr?$AAe?$AA?9?$AAd?$AAa?$AAt?$AAe?$AAt?$AAi?$AAm?$AAe?$AA?9?$AAl?$AA1?$AA?9?$AA1?$AA?9?$AA1?$AA?$AA@ 000000018000e980     libucrt:winapi_thunks.obj
 0002:000019c0       ??_C@_1DI@GCIAAENM@?$AAa?$AAp?$AAi?$AA?9?$AAm?$AAs?$AA?9?$AAw?$AAi?$AAn?$AA?9?$AAc?$AAo?$AAr?$AAe?$AA?9?$AAf?$AAi?$AAl?$AAe?$AA?9?$AAl?$AA2?$AA?9?$AA1?$AA?9?$AA1?$AA?$AA@ 000000018000e9c0     libucrt:winapi_thunks.obj
 0002:00001a00       ??_C@_1EI@MPIAOHOC@?$AAa?$AAp?$AAi?$AA?9?$AAm?$AAs?$AA?9?$AAw?$AAi?$AAn?$AA?9?$AAc?$AAo?$AAr?$AAe?$AA?9?$AAl?$AAo?$AAc?$AAa?$AAl?$AAi?$AAz?$AAa?$AAt?$AAi?$AAo?$AAn?$AA?9?$AAl?$AA1?$AA?9@ 000000018000ea00     libucrt:winapi_thunks.obj
 0002:00001a50       ??_C@_1FK@FPHCKFIE@?$AAa?$AAp?$AAi?$AA?9?$AAm?$AAs?$AA?9?$AAw?$AAi?$AAn?$AA?9?$AAc?$AAo?$AAr?$AAe?$AA?9?$AAl?$AAo?$AAc?$AAa?$AAl?$AAi?$AAz?$AAa?$AAt?$AAi?$AAo?$AAn?$AA?9?$AAo?$AAb?$AAs@ 000000018000ea50     libucrt:winapi_thunks.obj
 0002:00001ab0       ??_C@_1EM@DILCGIIO@?$AAa?$AAp?$AAi?$AA?9?$AAm?$AAs?$AA?9?$AAw?$AAi?$AAn?$AA?9?$AAc?$AAo?$AAr?$AAe?$AA?9?$AAp?$AAr?$AAo?$AAc?$AAe?$AAs?$AAs?$AAt?$AAh?$AAr?$AAe?$AAa?$AAd?$AAs?$AA?9?$AAl@ 000000018000eab0     libucrt:winapi_thunks.obj
 0002:00001b00       ??_C@_1DM@LNCGDDPN@?$AAa?$AAp?$AAi?$AA?9?$AAm?$AAs?$AA?9?$AAw?$AAi?$AAn?$AA?9?$AAc?$AAo?$AAr?$AAe?$AA?9?$AAs?$AAt?$AAr?$AAi?$AAn?$AAg?$AA?9?$AAl?$AA1?$AA?9?$AA1?$AA?9?$AA0?$AA?$AA@ 000000018000eb00     libucrt:winapi_thunks.obj
 0002:00001b40       ??_C@_1DO@FPAPJEMD@?$AAa?$AAp?$AAi?$AA?9?$AAm?$AAs?$AA?9?$AAw?$AAi?$AAn?$AA?9?$AAc?$AAo?$AAr?$AAe?$AA?9?$AAs?$AAy?$AAs?$AAi?$AAn?$AAf?$AAo?$AA?9?$AAl?$AA1?$AA?9?$AA2?$AA?9?$AA1?$AA?$AA@ 000000018000eb40     libucrt:winapi_thunks.obj
 0002:00001b80       ??_C@_1DK@NDHNAHIO@?$AAa?$AAp?$AAi?$AA?9?$AAm?$AAs?$AA?9?$AAw?$AAi?$AAn?$AA?9?$AAc?$AAo?$AAr?$AAe?$AA?9?$AAw?$AAi?$AAn?$AAr?$AAt?$AA?9?$AAl?$AA1?$AA?9?$AA1?$AA?9?$AA0?$AA?$AA@ 000000018000eb80     libucrt:winapi_thunks.obj
 0002:00001bc0       ??_C@_1DM@KGHDGBCM@?$AAa?$AAp?$AAi?$AA?9?$AAm?$AAs?$AA?9?$AAw?$AAi?$AAn?$AA?9?$AAc?$AAo?$AAr?$AAe?$AA?9?$AAx?$AAs?$AAt?$AAa?$AAt?$AAe?$AA?9?$AAl?$AA2?$AA?9?$AA1?$AA?9?$AA0?$AA?$AA@ 000000018000ebc0     libucrt:winapi_thunks.obj
 0002:00001c00       ??_C@_1EO@IJIOEFOH@?$AAa?$AAp?$AAi?$AA?9?$AAm?$AAs?$AA?9?$AAw?$AAi?$AAn?$AA?9?$AAr?$AAt?$AAc?$AAo?$AAr?$AAe?$AA?9?$AAn?$AAt?$AAu?$AAs?$AAe?$AAr?$AA?9?$AAw?$AAi?$AAn?$AAd?$AAo?$AAw?$AA?9@ 000000018000ec00     libucrt:winapi_thunks.obj
 0002:00001c50       ??_C@_1FG@HHGEKANL@?$AAa?$AAp?$AAi?$AA?9?$AAm?$AAs?$AA?9?$AAw?$AAi?$AAn?$AA?9?$AAs?$AAe?$AAc?$AAu?$AAr?$AAi?$AAt?$AAy?$AA?9?$AAs?$AAy?$AAs?$AAt?$AAe?$AAm?$AAf?$AAu?$AAn?$AAc?$AAt?$AAi@ 000000018000ec50     libucrt:winapi_thunks.obj
 0002:00001cb0       ??_C@_1FG@NCKKOLKO@?$AAe?$AAx?$AAt?$AA?9?$AAm?$AAs?$AA?9?$AAw?$AAi?$AAn?$AA?9?$AAk?$AAe?$AAr?$AAn?$AAe?$AAl?$AA3?$AA2?$AA?9?$AAp?$AAa?$AAc?$AAk?$AAa?$AAg?$AAe?$AA?9?$AAc?$AAu?$AAr?$AAr@ 000000018000ecb0     libucrt:winapi_thunks.obj
 0002:00001d10       ??_C@_1EG@DBIOJECG@?$AAe?$AAx?$AAt?$AA?9?$AAm?$AAs?$AA?9?$AAw?$AAi?$AAn?$AA?9?$AAn?$AAt?$AAu?$AAs?$AAe?$AAr?$AA?9?$AAd?$AAi?$AAa?$AAl?$AAo?$AAg?$AAb?$AAo?$AAx?$AA?9?$AAl?$AA1?$AA?9?$AA1@ 000000018000ed10     libucrt:winapi_thunks.obj
 0002:00001d60       ??_C@_1EO@FIHMJCLF@?$AAe?$AAx?$AAt?$AA?9?$AAm?$AAs?$AA?9?$AAw?$AAi?$AAn?$AA?9?$AAn?$AAt?$AAu?$AAs?$AAe?$AAr?$AA?9?$AAw?$AAi?$AAn?$AAd?$AAo?$AAw?$AAs?$AAt?$AAa?$AAt?$AAi?$AAo?$AAn?$AA?9@ 000000018000ed60     libucrt:winapi_thunks.obj
 0002:00001db0       ??_C@_1O@BCCLBEOE@?$AAu?$AAs?$AAe?$AAr?$AA3?$AA2?$AA?$AA@ 000000018000edb0     libucrt:winapi_thunks.obj
 0002:00001de8       ??_C@_0BE@JOGNEJCI@GetCurrentPackageId?$AA@ 000000018000ede8     libucrt:winapi_thunks.obj
 0002:00001e10       ??_C@_0O@KKBNKAPF@LCMapStringEx?$AA@ 000000018000ee10     libucrt:winapi_thunks.obj
 0002:00001e28       ??_C@_0BB@HBDEELFH@LocaleNameToLCID?$AA@ 000000018000ee28     libucrt:winapi_thunks.obj
 0002:00001e60       ??_C@_1M@HPNHIDJI@?$AAj?$AAa?$AA?9?$AAJ?$AAP?$AA?$AA@ 000000018000ee60     libucrt:mbctype.obj
 0002:00001e70       ??_C@_1M@BIBDDEMK@?$AAz?$AAh?$AA?9?$AAC?$AAN?$AA?$AA@ 000000018000ee70     libucrt:mbctype.obj
 0002:00001e80       ??_C@_1M@JLOOOEGK@?$AAk?$AAo?$AA?9?$AAK?$AAR?$AA?$AA@ 000000018000ee80     libucrt:mbctype.obj
 0002:00001e90       ??_C@_1M@CLNBBOPM@?$AAz?$AAh?$AA?9?$AAT?$AAW?$AA?$AA@ 000000018000ee90     libucrt:mbctype.obj
 0002:00001ea0       __newctype                 000000018000eea0     libucrt:ctype.obj
 0002:000021a0       __newclmap                 000000018000f1a0     libucrt:ctype.obj
 0002:00002320       __newcumap                 000000018000f320     libucrt:ctype.obj
 0002:000024a0       ??_C@_15PJPFLCCM@?$AAu?$AAk?$AA?$AA@ 000000018000f4a0     libucrt:get_qualified_locale.obj
 0002:000032f0       ??_C@_15EMKDOKLE@?$AAa?$AAr?$AA?$AA@ 00000001800102f0     libucrt:lcidtoname_downlevel.obj
 0002:000032f8       ??_C@_15KNPADPLH@?$AAb?$AAg?$AA?$AA@ 00000001800102f8     libucrt:lcidtoname_downlevel.obj
 0002:00003300       ??_C@_15EDMHLDMO@?$AAc?$AAa?$AA?$AA@ 0000000180010300     libucrt:lcidtoname_downlevel.obj
 0002:00003308       ??_C@_1O@BPEAJADD@?$AAz?$AAh?$AA?9?$AAC?$AAH?$AAS?$AA?$AA@ 0000000180010308     libucrt:lcidtoname_downlevel.obj
 0002:00003318       ??_C@_15LJNHCMNK@?$AAc?$AAs?$AA?$AA@ 0000000180010318     libucrt:lcidtoname_downlevel.obj
 0002:00003320       ??_C@_15FOMCIDHG@?$AAd?$AAa?$AA?$AA@ 0000000180010320     libucrt:lcidtoname_downlevel.obj
 0002:00003328       ??_C@_15NBKABECB@?$AAd?$AAe?$AA?$AA@ 0000000180010328     libucrt:lcidtoname_downlevel.obj
 0002:00003330       ??_C@_15GHPEIIAO@?$AAe?$AAl?$AA?$AA@ 0000000180010330     libucrt:lcidtoname_downlevel.obj
 0002:00003338       ??_C@_15MNPNEAIF@?$AAe?$AAn?$AA?$AA@ 0000000180010338     libucrt:lcidtoname_downlevel.obj
 0002:00003340       ??_C@_15GPIOMPMH@?$AAe?$AAs?$AA?$AA@ 0000000180010340     libucrt:lcidtoname_downlevel.obj
 0002:00003348       ??_C@_15NGLOAKJC@?$AAf?$AAi?$AA?$AA@ 0000000180010348     libucrt:lcidtoname_downlevel.obj
 0002:00003350       ??_C@_15FBKGNKAM@?$AAf?$AAr?$AA?$AA@ 0000000180010350     libucrt:lcidtoname_downlevel.obj
 0002:00003358       ??_C@_15KGGCNEFK@?$AAh?$AAe?$AA?$AA@ 0000000180010358     libucrt:lcidtoname_downlevel.obj
 0002:00003360       ??_C@_15PGHLIDMF@?$AAh?$AAu?$AA?$AA@ 0000000180010360     libucrt:lcidtoname_downlevel.obj
 0002:00003368       ??_C@_15BIEMAPLM@?$AAi?$AAs?$AA?$AA@ 0000000180010368     libucrt:lcidtoname_downlevel.obj
 0002:00003370       ??_C@_15IFJLDHAF@?$AAi?$AAt?$AA?$AA@ 0000000180010370     libucrt:lcidtoname_downlevel.obj
 0002:00003378       ??_C@_15GEMIOCAG@?$AAj?$AAa?$AA?$AA@ 0000000180010378     libucrt:lcidtoname_downlevel.obj
 0002:00003380       ??_C@_15EPELEGJA@?$AAk?$AAo?$AA?$AA@ 0000000180010380     libucrt:lcidtoname_downlevel.obj
 0002:00003388       ??_C@_15NDDHIMN@?$AAn?$AAl?$AA?$AA@ 0000000180010388     libucrt:lcidtoname_downlevel.obj
 0002:00003390       ??_C@_15BPIGNHCD@?$AAn?$AAo?$AA?$AA@ 0000000180010390     libucrt:lcidtoname_downlevel.obj
 0002:00003398       ??_C@_15DEOPBLCG@?$AAp?$AAl?$AA?$AA@ 0000000180010398     libucrt:lcidtoname_downlevel.obj
 0002:000033a0       ??_C@_15KBECGEFG@?$AAp?$AAt?$AA?$AA@ 00000001800103a0     libucrt:lcidtoname_downlevel.obj
 0002:000033a8       ??_C@_15GLJCBFMD@?$AAr?$AAo?$AA?$AA@ 00000001800103a8     libucrt:lcidtoname_downlevel.obj
 0002:000033b0       ??_C@_15FEDGKCDI@?$AAr?$AAu?$AA?$AA@ 00000001800103b0     libucrt:lcidtoname_downlevel.obj
 0002:000033b8       ??_C@_15GLKMLLHM@?$AAh?$AAr?$AA?$AA@ 00000001800103b8     libucrt:lcidtoname_downlevel.obj
 0002:000033c0       ??_C@_15CPKMFBDB@?$AAs?$AAk?$AA?$AA@ 00000001800103c0     libucrt:lcidtoname_downlevel.obj
 0002:000033c8       ??_C@_15BAAIOGMK@?$AAs?$AAq?$AA?$AA@ 00000001800103c8     libucrt:lcidtoname_downlevel.obj
 0002:000033d0       ??_C@_15INNPNOHD@?$AAs?$AAv?$AA?$AA@ 00000001800103d0     libucrt:lcidtoname_downlevel.obj
 0002:000033d8       ??_C@_15CABMMOGH@?$AAt?$AAh?$AA?$AA@ 00000001800103d8     libucrt:lcidtoname_downlevel.obj
 0002:000033e0       ??_C@_15BPLIHJJM@?$AAt?$AAr?$AA?$AA@ 00000001800103e0     libucrt:lcidtoname_downlevel.obj
 0002:000033e8       ??_C@_15NEOEKKDJ@?$AAu?$AAr?$AA?$AA@ 00000001800103e8     libucrt:lcidtoname_downlevel.obj
[...]
 0004:0000081c       $pdata$??R<lambda_ad1ced32f4ac17aa236e5ef05d6b3b7c>@@QEBAXXZ 000000018001981c     libucrt:mbctype.obj
 0004:00000828       $pdata$?getSystemCP@@YAHH@Z 0000000180019828     libucrt:mbctype.obj
 0004:00000834       $pdata$?setSBCS@@YAXPEAU__crt_multibyte_data@@@Z 0000000180019834     libucrt:mbctype.obj
 0004:00000840       $pdata$?setSBUpLow@@YAXPEAU__crt_multibyte_data@@@Z 0000000180019840     libucrt:mbctype.obj
 0004:0000084c       $pdata$?setmbcp_internal@@YAHH_N@Z 000000018001984c     libucrt:mbctype.obj
 0004:00000858       $pdata$__acrt_initialize_multibyte 0000000180019858     libucrt:mbctype.obj
 0004:00000864       $pdata$__acrt_update_thread_multibyte_data 0000000180019864     libucrt:mbctype.obj
 0004:00000870       $pdata$_setmbcp_nolock     0000000180019870     libucrt:mbctype.obj
 0004:0000087c       $pdata$?x_ismbbtype_l@@YAHPEAU__crt_locale_pointers@@IHH@Z 000000018001987c     libucrt:ismbbyte.obj
 0004:00000888       $pdata$__acrt_initialize_command_line 0000000180019888     libucrt:argv_data.obj
 0004:00000894       $pdata$__dcrt_get_narrow_environment_from_os 0000000180019894     libucrt:get_environment_from_os.obj
 0004:000008a0       $pdata$_recalloc_base      00000001800198a0     libucrt:recalloc.obj
 0004:000008ac       $pdata$__acrt_initialize_heap 00000001800198ac     libucrt:heap_handle.obj
 0004:000008b8       $pdata$?initialize_inherited_file_handles_nolock@@YAXXZ 00000001800198b8     libucrt:ioinit.obj
 0004:000008c4       $pdata$?initialize_stdio_handles_nolock@@YAXXZ 00000001800198c4     libucrt:ioinit.obj
 0004:000008d0       $pdata$__acrt_initialize_lowio 00000001800198d0     libucrt:ioinit.obj
 0004:000008dc       $pdata$__acrt_uninitialize_lowio 00000001800198dc     libucrt:ioinit.obj
 0004:000008e8       $pdata$__acrt_execute_initializers 00000001800198e8     libucrt:shared_initialization.obj
 0004:000008f4       $pdata$__acrt_execute_uninitializers 00000001800198f4     libucrt:shared_initialization.obj
 0004:00000900       $pdata$??$?RV<lambda_c36588078e9f5dfd39652860aa6b3aaf>@@AEAV<lambda_ec61778202f4f5fc7e7711acc23c3bca>@@V<lambda_dc9d2797ccde5d239b4a0efae8ebd7db>@@@?$__crt_seh_guarded_call@P6AXH@Z@@QEAAP6AXH@Z$$QEAV<lambda_c36588078e9f5dfd39652860aa6b3aaf>@@AEAV<lambda_ec61778202f4f5fc7e7711acc23c3bca>@@$$QEAV<lambda_dc9d2797ccde5d239b4a0efae8ebd7db>@@@Z 0000000180019900     libucrt:signal.obj
 0004:0000090c       $pdata$__acrt_get_sigabrt_handler 000000018001990c     libucrt:signal.obj
 0004:00000918       $pdata$raise               0000000180019918     libucrt:signal.obj
 0004:00000924       $pdata$__acrt_invoke_user_matherr 0000000180019924     libucrt:matherr.obj
 0004:00000930       $pdata$_mbtowc_l           0000000180019930     libucrt:mbtowc.obj
 0004:0000093c       $pdata$_fileno             000000018001993c     libucrt:fileno.obj
 0004:00000948       $pdata$__acrt_initialize_stdio 0000000180019948     libucrt:_file.obj
 0004:00000954       $pdata$__acrt_uninitialize_stdio 0000000180019954     libucrt:_file.obj
 0004:00000960       $pdata$__pctype_func       0000000180019960     libucrt:ctype.obj
 0004:0000096c       $pdata$_isctype_l          000000018001996c     libucrt:isctype.obj
 0004:00000978       $pdata$_isleadbyte_l       0000000180019978     libucrt:_wctype.obj
 0004:00000984       $pdata$?__acrt_LCMapStringA_stat@@YAHPEAU__crt_locale_pointers@@PEB_WKPEBDHPEADHHH@Z 0000000180019984     libucrt:lcmapstringa.obj
 0004:00000990       $pdata$__acrt_LCMapStringA 0000000180019990     libucrt:lcmapstringa.obj
 0004:0000099c       $pdata$__acrt_free_locale  000000018001999c     libucrt:locale_refcounting.obj
 0004:000009a8       $pdata$__acrt_locale_free_lc_time_if_unreferenced 00000001800199a8     libucrt:locale_refcounting.obj
 0004:000009b4       $pdata$__acrt_release_locale_ref 00000001800199b4     libucrt:locale_refcounting.obj
 0004:000009c0       $pdata$__acrt_update_thread_locale_data 00000001800199c0     libucrt:locale_refcounting.obj
 0004:000009cc       $pdata$_updatetlocinfoEx_nolock 00000001800199cc     libucrt:locale_refcounting.obj
 0004:000009d8       $pdata$__acrt_locale_free_monetary 00000001800199d8     libucrt:initmon.obj
 0004:000009e4       $pdata$__acrt_locale_free_numeric 00000001800199e4     libucrt:initnum.obj
 0004:000009f0       $pdata$?free_crt_array_internal@@YAXQEAPEBX_K@Z 00000001800199f0     libucrt:inittime.obj
 0004:000009fc       $pdata$__acrt_locale_free_time 00000001800199fc     libucrt:inittime.obj
 0004:00000a08       $pdata$__acrt_GetStringTypeA 0000000180019a08     libucrt:getstringtypea.obj
 0004:00000a14       $pdata$?GetTableIndexFromLocaleName@@YAHPEB_W@Z 0000000180019a14     libucrt:lcidtoname_downlevel.obj
 0004:00000a20       $pdata$__acrt_DownlevelLocaleNameToLCID 0000000180019a20     libucrt:lcidtoname_downlevel.obj
 0004:00000a2c       $pdata$?shortsort@@YAXPEAD0_KP6AHPEBX2@Z@Z 0000000180019a2c     libucrt:qsort.obj
 0004:00000a38       $pdata$2$?shortsort@@YAXPEAD0_KP6AHPEBX2@Z@Z 0000000180019a38     libucrt:qsort.obj
 0004:00000a44       $pdata$3$?shortsort@@YAXPEAD0_KP6AHPEBX2@Z@Z 0000000180019a44     libucrt:qsort.obj
 0004:00000a50       $pdata$qsort               0000000180019a50     libucrt:qsort.obj
 0004:00000a5c       $pdata$4$qsort             0000000180019a5c     libucrt:qsort.obj
 0004:00000a68       $pdata$5$qsort             0000000180019a68     libucrt:qsort.obj
 0004:00000a74       $pdata$strncpy_s           0000000180019a74     libucrt:strncpy_s.obj
 0004:00000a80       $pdata$strpbrk             0000000180019a80     libucrt:strpbrk.obj
 0004:00000a8c       $pdata$_mbsdec_l           0000000180019a8c     libucrt:mbsdec.obj
 0004:00000a98       $pdata$?initialize_multibyte@@YAHXZ 0000000180019a98     libucrt:multibyte_initializer.obj
 0004:00000aa4       $pdata$_msize              0000000180019aa4     libucrt:msize.obj
 0004:00000ab0       $pdata$_realloc_base       0000000180019ab0     libucrt:realloc_base.obj
 0004:00000abc       $pdata$__acrt_lowio_create_handle_array 0000000180019abc     libucrt:osfinfo.obj
 0004:00000ac8       $pdata$__acrt_lowio_destroy_handle_array 0000000180019ac8     libucrt:osfinfo.obj
 0004:00000ad4       $pdata$__acrt_lowio_ensure_fh_exists 0000000180019ad4     libucrt:osfinfo.obj
 0004:00000ae0       $pdata$_free_osfhnd        0000000180019ae0     libucrt:osfinfo.obj
 0004:00000aec       $pdata$_get_osfhandle      0000000180019aec     libucrt:osfinfo.obj
 0004:00000af8       $pdata$_isatty             0000000180019af8     libucrt:isatty.obj
 0004:00000b04       $pdata$__acrt_stdio_flush_nolock 0000000180019b04     libucrt:fflush.obj
 0004:00000b10       $pdata$_fflush_nolock      0000000180019b10     libucrt:fflush.obj
 0004:00000b1c       $pdata$common_flush_all    0000000180019b1c     libucrt:fflush.obj
 0004:00000b28       $pdata$_fcloseall          0000000180019b28     libucrt:closeall.obj
 0004:00000b34       $pdata$__acrt_stdio_free_buffer_nolock 0000000180019b34     libucrt:_freebuf.obj
 0004:00000b40       $pdata$??$?RV<lambda_b521505b218e5242e90febf6bfebc422>@@AEAV<lambda_6978c1fb23f02e42e1d9e99668cc68aa>@@V<lambda_314360699dd331753a4119843814e9a7>@@@?$__crt_seh_guarded_call@H@@QEAAH$$QEAV<lambda_b521505b218e5242e90febf6bfebc422>@@AEAV<lambda_6978c1fb23f02e42e1d9e99668cc68aa>@@$$QEAV<lambda_314360699dd331753a4119843814e9a7>@@@Z 0000000180019b40     libucrt:commit.obj
 0004:00000b4c       $pdata$_commit             0000000180019b4c     libucrt:commit.obj
 0004:00000b58       $pdata$?write_double_translated_ansi_nolock@@YA?AUwrite_result@?A0x9c548279@@HQEBDI@Z 0000000180019b58     libucrt:write.obj
 0004:00000b64       $pdata$?write_text_ansi_nolock@@YA?AUwrite_result@?A0x9c548279@@HQEBDI@Z 0000000180019b64     libucrt:write.obj
 0004:00000b70       $pdata$?write_text_utf16le_nolock@@YA?AUwrite_result@?A0x9c548279@@HQEBDI@Z 0000000180019b70     libucrt:write.obj
 0004:00000b7c       $pdata$?write_text_utf8_nolock@@YA?AUwrite_result@?A0x9c548279@@HQEBDI@Z 0000000180019b7c     libucrt:write.obj
 0004:00000b88       $pdata$_write              0000000180019b88     libucrt:write.obj
 0004:00000b94       $pdata$_write_nolock       0000000180019b94     libucrt:write.obj
 0004:00000bac       $pdata$??$common_lseek_nolock@_J@@YA_JH_JH@Z 0000000180019bac     libucrt:lseek.obj
 0004:00000bb8       $pdata$_fclose_nolock      0000000180019bb8     libucrt:fclose.obj
 0004:00000bc4       $pdata$fclose              0000000180019bc4     libucrt:fclose.obj
 0004:00000bd0       $pdata$_putwch_nolock      0000000180019bd0     libucrt:putwch.obj
 0004:00000bdc       $pdata$_call_matherr       0000000180019bdc     libucrt:libm_error.obj
 0004:00000be8       $pdata$_exception_enabled  0000000180019be8     libucrt:libm_error.obj
 0004:00000bf4       $pdata$_handle_error       0000000180019bf4     libucrt:libm_error.obj
 0004:00000c00       $pdata$__acrt_initialize_fma3 0000000180019c00     libucrt:fma3_available.obj
 0004:00000c0c       $pdata$_log10_special      0000000180019c0c     libucrt:log_special.obj
 0004:00000c18       $pdata$_log_special_common 0000000180019c18     libucrt:log_special.obj
 0004:00000c24       $pdata$??$?RV<lambda_bfedae4ebbf01fab1bb6dcc6a9e276e0>@@AEAV<lambda_2fe9b910cf3cbf4a0ab98a02ba45b3ec>@@V<lambda_237c231691f317818eb88cc1d5d642d6>@@@?$__crt_seh_guarded_call@H@@QEAAH$$QEAV<lambda_bfedae4ebbf01fab1bb6dcc6a9e276e0>@@AEAV<lambda_2fe9b910cf3cbf4a0ab98a02ba45b3ec>@@$$QEAV<lambda_237c231691f317818eb88cc1d5d642d6>@@@Z 0000000180019c24     libucrt:close.obj
 0004:00000c30       $pdata$_close              0000000180019c30     libucrt:close.obj
 0004:00000c3c       $pdata$_close_nolock       0000000180019c3c     libucrt:close.obj
 0004:00000c48       $pdata$__dcrt_lowio_initialize_console_output 0000000180019c48     libucrt:initcon.obj
 0004:00000c54       $pdata$__dcrt_terminate_console_output 0000000180019c54     libucrt:initcon.obj
 0004:00000c6c       $pdata$_raise_exc          0000000180019c6c     libucrt:fpexcept.obj
 0004:00000c78       $pdata$_raise_exc_ex       0000000180019c78     libucrt:fpexcept.obj
 0004:00000c84       $pdata$_set_errno_from_matherr 0000000180019c84     libucrt:fpexcept.obj
 0004:00000c90       $pdata$_clrfp              0000000180019c90     libucrt:fpctrl.obj
 0004:00000c9c       $pdata$_ctrlfp             0000000180019c9c     libucrt:fpctrl.obj
 0004:00000ca8       $pdata$_set_statfp         0000000180019ca8     libucrt:fpctrl.obj
 0004:00000cb4       $pdata$_statfp             0000000180019cb4     libucrt:fpctrl.obj
 0004:00000cc0       $pdata$?DloadAcquireSectionWriteAccess@@YAXXZ 0000000180019cc0     DelayImp:delayhlp.obj
 0004:00000ccc       $pdata$?DloadGetSRWLockFunctionPointers@@YAEXZ 0000000180019ccc     DelayImp:delayhlp.obj
 0004:00000cd8       $pdata$?DloadMakePermanentImageCommit@@YAXPEAX_K@Z 0000000180019cd8     DelayImp:delayhlp.obj
 0004:00000ce4       $pdata$?DloadObtainSection@@YAPEAXPEAK0@Z 0000000180019ce4     DelayImp:delayhlp.obj
 0004:00000cf0       $pdata$?DloadProtectSection@@YAXKPEAK@Z 0000000180019cf0     DelayImp:delayhlp.obj
 0004:00000cfc       $pdata$?DloadReleaseSectionWriteAccess@@YAXXZ 0000000180019cfc     DelayImp:delayhlp.obj
 0004:00000d08       $pdata$__delayLoadHelper2  0000000180019d08     DelayImp:delayhlp.obj
 0004:00000d14       $pdata$_IsNonwritableInCurrentImage 0000000180019d14     LIBCMT:pesect.obj
 0004:00000d20       $pdata$__GSHandlerCheck    0000000180019d20     LIBCMT:_gshandler_.obj
 0004:00000d2c       $pdata$__GSHandlerCheckCommon 0000000180019d2c     LIBCMT:_gshandler_.obj
 0004:00000d68       $pdata$?fin$0@?0??dllmain_crt_process_attach@@YAHQEAUHINSTANCE__@@QEAX@Z@4HA 0000000180019d68     LIBCMT:dll_dllmain.obj
 0004:00000d74       $pdata$?fin$0@?0??dllmain_crt_process_detach@@YAH_N@Z@4HA 0000000180019d74     LIBCMT:dll_dllmain.obj
 0004:00000d80       $pdata$?filt$0@?0??dllmain_dispatch@@YAHQEAUHINSTANCE__@@KQEAX@Z@4HA 0000000180019d80     LIBCMT:dll_dllmain.obj
 0004:00000d8c       $pdata$__scrt_is_nonwritable_in_current_image$filt$0 0000000180019d8c     LIBCMT:utility.obj
 0004:00000d98       $pdata$_query_new_handler$fin$0 0000000180019d98     libucrt:new_handler.obj
 0004:00000da4       $pdata$?filt$0@?0??common_exit@@YAXHW4_crt_exit_cleanup_mode@@W4_crt_exit_return_mode@@@Z@4HA 0000000180019da4     libucrt:exit.obj
 0004:00000db0       $pdata$?fin$1@?0??common_exit@@YAXHW4_crt_exit_cleanup_mode@@W4_crt_exit_return_mode@@@Z@4HA 0000000180019db0     libucrt:exit.obj
 0004:00000dbc       $pdata$?fin$0@?0???$?RV<lambda_e24bbb7b643b32fcea6fa61b31d4c984>@@AEAV<lambda_275893d493268fdec8709772e3fcec0e>@@V<lambda_9d71df4d7cf3f480f8d633942495c3b0>@@@?$__crt_seh_guarded_call@H@@QEAAH$$QEAV<lambda_e24bbb7b643b32fcea6fa61b31d4c984>@@AEAV<lambda_275893d493268fdec8709772e3fcec0e>@@$$QEAV<lambda_9d71df4d7cf3f480f8d633942495c3b0>@@@Z@4HA 0000000180019dbc     libucrt:onexit.obj
 0004:00000dc8       $pdata$?fin$0@?0???$?RV<lambda_5e887d1dcbef67a5eb4283622ba103bf>@@AEAV<lambda_4466841279450cc726390878d4a41900>@@V<lambda_341c25c0346d94847f1f3c463c57e077>@@@?$__crt_seh_guarded_call@X@@QEAAX$$QEAV<lambda_5e887d1dcbef67a5eb4283622ba103bf>@@AEAV<lambda_4466841279450cc726390878d4a41900>@@$$QEAV<lambda_341c25c0346d94847f1f3c463c57e077>@@@Z@4HA 0000000180019dc8     libucrt:per_thread_data.obj
 0004:00000dc8       $pdata$?fin$0@?0???$?RV<lambda_fb3a7dec4e47f37f22dae91bb15c9095>@@AEAV<lambda_698284760c8add0bfb0756c19673e34b>@@V<lambda_dfb8eca1e75fef3034a8fb18dd509707>@@@?$__crt_seh_guarded_call@X@@QEAAX$$QEAV<lambda_fb3a7dec4e47f37f22dae91bb15c9095>@@AEAV<lambda_698284760c8add0bfb0756c19673e34b>@@$$QEAV<lambda_dfb8eca1e75fef3034a8fb18dd509707>@@@Z@4HA 0000000180019dc8     libucrt:per_thread_data.obj
 0004:00000dc8       $pdata$?fin$0@?0???$?RV<lambda_99476a1ad63dd22509b5d3e65b0ffc95>@@AEAV<lambda_ad1ced32f4ac17aa236e5ef05d6b3b7c>@@V<lambda_f7424dd8d45958661754dc4f2697e9c3>@@@?$__crt_seh_guarded_call@X@@QEAAX$$QEAV<lambda_99476a1ad63dd22509b5d3e65b0ffc95>@@AEAV<lambda_ad1ced32f4ac17aa236e5ef05d6b3b7c>@@$$QEAV<lambda_f7424dd8d45958661754dc4f2697e9c3>@@@Z@4HA 0000000180019dc8     libucrt:mbctype.obj
 0004:00000dc8       $pdata$?fin$0@?0???$?RV<lambda_c36588078e9f5dfd39652860aa6b3aaf>@@AEAV<lambda_ec61778202f4f5fc7e7711acc23c3bca>@@V<lambda_dc9d2797ccde5d239b4a0efae8ebd7db>@@@?$__crt_seh_guarded_call@P6AXH@Z@@QEAAP6AXH@Z$$QEAV<lambda_c36588078e9f5dfd39652860aa6b3aaf>@@AEAV<lambda_ec61778202f4f5fc7e7711acc23c3bca>@@$$QEAV<lambda_dc9d2797ccde5d239b4a0efae8ebd7db>@@@Z@4HA 0000000180019dc8     libucrt:signal.obj
 0004:00000dc8       $pdata$?fin$0@?0???$?RV<lambda_b8c45f8f788dd370798f47cfe8ac3a86>@@AEAV<lambda_4e60a939b0d047cfe11ddc22648dfba9>@@V<lambda_332c3edc96d0294ec56c57d38c1cdfd5>@@@?$__crt_seh_guarded_call@H@@QEAAH$$QEAV<lambda_b8c45f8f788dd370798f47cfe8ac3a86>@@AEAV<lambda_4e60a939b0d047cfe11ddc22648dfba9>@@$$QEAV<lambda_332c3edc96d0294ec56c57d38c1cdfd5>@@@Z@4HA 0000000180019dc8     libucrt:onexit.obj
 0004:00000dc8       $pdata$?fin$0@?0???$?RV<lambda_46352004c1216016012b18bd6f87e700>@@AEAV<lambda_3bd07e1a1191394380780325891bf33f>@@V<lambda_334532d3f185bcaa59b5be82d7d22bff>@@@?$__crt_seh_guarded_call@X@@QEAAX$$QEAV<lambda_46352004c1216016012b18bd6f87e700>@@AEAV<lambda_3bd07e1a1191394380780325891bf33f>@@$$QEAV<lambda_334532d3f185bcaa59b5be82d7d22bff>@@@Z@4HA 0000000180019dc8     libucrt:per_thread_data.obj
 0004:00000dc8       $pdata$?fin$0@?0???$?RV<lambda_72d1df2b273a38828b1ce30cbf4cdab5>@@AEAV<lambda_876a65b173b8412d3a47c70a915b0cf4>@@V<lambda_41932305e351933ebe8f8be3ed8bb5dc>@@@?$__crt_seh_guarded_call@X@@QEAAX$$QEAV<lambda_72d1df2b273a38828b1ce30cbf4cdab5>@@AEAV<lambda_876a65b173b8412d3a47c70a915b0cf4>@@$$QEAV<lambda_41932305e351933ebe8f8be3ed8bb5dc>@@@Z@4HA 0000000180019dc8     libucrt:per_thread_data.obj
 0004:00000dd4       $pdata$__acrt_update_thread_multibyte_data$fin$0 0000000180019dd4     libucrt:mbctype.obj
 0004:00000de0       $pdata$raise$fin$0         0000000180019de0     libucrt:signal.obj
 0004:00000dec       $pdata$__acrt_uninitialize_locale$fin$0 0000000180019dec     libucrt:wsetlocale.obj
 0004:00000dec       $pdata$__acrt_update_thread_locale_data$fin$0 0000000180019dec     libucrt:locale_refcounting.obj
 0004:00000df8       $pdata$__acrt_lowio_ensure_fh_exists$fin$0 0000000180019df8     libucrt:osfinfo.obj
 0004:00000df8       $pdata$__acrt_initialize_lowio$fin$0 0000000180019df8     libucrt:ioinit.obj
 0004:00000e04       $pdata$common_flush_all$fin$0 0000000180019e04     libucrt:fflush.obj
 0004:00000e10       $pdata$common_flush_all$fin$1 0000000180019e10     libucrt:fflush.obj
 0004:00000e1c       $pdata$_fcloseall$fin$0    0000000180019e1c     libucrt:closeall.obj
 0004:00000e28       $pdata$?fin$0@?0???$?RV<lambda_bfedae4ebbf01fab1bb6dcc6a9e276e0>@@AEAV<lambda_2fe9b910cf3cbf4a0ab98a02ba45b3ec>@@V<lambda_237c231691f317818eb88cc1d5d642d6>@@@?$__crt_seh_guarded_call@H@@QEAAH$$QEAV<lambda_bfedae4ebbf01fab1bb6dcc6a9e276e0>@@AEAV<lambda_2fe9b910cf3cbf4a0ab98a02ba45b3ec>@@$$QEAV<lambda_237c231691f317818eb88cc1d5d642d6>@@@Z@4HA 0000000180019e28     libucrt:close.obj
 0004:00000e28       $pdata$?fin$0@?0???$?RV<lambda_b521505b218e5242e90febf6bfebc422>@@AEAV<lambda_6978c1fb23f02e42e1d9e99668cc68aa>@@V<lambda_314360699dd331753a4119843814e9a7>@@@?$__crt_seh_guarded_call@H@@QEAAH$$QEAV<lambda_b521505b218e5242e90febf6bfebc422>@@AEAV<lambda_6978c1fb23f02e42e1d9e99668cc68aa>@@$$QEAV<lambda_314360699dd331753a4119843814e9a7>@@@Z@4HA 0000000180019e28     libucrt:commit.obj
 0004:00000e34       $pdata$_write$fin$0        0000000180019e34     libucrt:write.obj
 0004:00000e40       $pdata$fclose$fin$0        0000000180019e40     libucrt:fclose.obj
 0004:00000e4c       $pdata$_ctrlfp$filt$0      0000000180019e4c     libucrt:fpctrl.obj
 0004:00000e58       $pdata$_IsNonwritableInCurrentImage$filt$0 0000000180019e58     LIBCMT:pesect.obj
 0005:00000000       __guard_fids__             000000018001a000     libucrt:initialization.obj
 0005:00000060       __guard_fids___acrt_initialize_ptd 000000018001a060     libucrt:per_thread_data.obj
 0005:00000064       __guard_fids_??$expand_argument_wildcards@D@@YAHQEAD0AEAV?$argument_list@D@?A0xca0879c4@@@Z 000000018001a064     libucrt:argv_wildcards.obj
 0005:00000068       __guard_fids__             000000018001a068     libucrt:locale_initializer.obj
 0005:0000006c       __guard_fids__             000000018001a06c     libucrt:multibyte_initializer.obj
 0005:00000070       __guard_fids__             000000018001a070     libucrt:stdio_initializer.obj
 0005:00000074       __guard_fids__             000000018001a074     libucrt:stdio_initializer.obj
 0005:00000078       __guard_fids__             000000018001a078     libucrt:fma3_initializer.obj
 0005:0000007c       __guard_fids__             000000018001a07c     libucrt:console_output_initializer.obj
 0005:00000080       __guard_fids_?dllmain_crt_process_attach@@YAHQEAUHINSTANCE__@@QEAX@Z 000000018001a080     LIBCMT:dll_dllmain.obj
 0005:00000088       __guard_fids_?dllmain_dispatch@@YAHQEAUHINSTANCE__@@KQEAX@Z 000000018001a088     LIBCMT:dll_dllmain.obj
 0005:0000008c       __guard_fids__             000000018001a08c     LIBCMT:throw_bad_alloc.obj
 0005:00000094       __guard_fids__             000000018001a094     LIBCMT:throw_bad_alloc.obj
 0005:0000009c       __guard_fids__             000000018001a09c     LIBCMT:throw_bad_alloc.obj
 0005:000000a4       __guard_fids__             000000018001a0a4     LIBCMT:std_type_info_static.obj
 0005:000000a8       __guard_fids__             000000018001a0a8     LIBCMT:guard_support.obj
 0005:000000ac       __guard_fids___vcrt_initialize_ptd 000000018001a0ac     libvcruntime:per_thread_data.obj
 0006:00000060       $R000000                   000000018001b060     * linker generated manifest res *

 Exports

  ordinal    name

        1    _register_myaddon_
